[    0.000000] Initializing cgroup subsys cpuset
[    0.000000] Initializing cgroup subsys cpu
[    0.000000] Initializing cgroup subsys cpuacct
[    0.000000] Linux version 4.4.0-157-generic (buildd@lgw01-amd64-037) (gcc version 5.4.0 20160609 (Ubuntu 5.4.0-6ubuntu1~16.04.10) ) #185-Ubuntu SMP Tue Jul 23 09:17:01 UTC 2019 (Ubuntu 4.4.0-157.185-generic 4.4.181)
[    0.000000] Command line: BOOT_IMAGE=/boot/vmlinuz-4.4.0-157-generic root=LABEL=cloudimg-rootfs ro console=tty1 console=ttyS0
[    0.000000] KERNEL supported cpus:
[    0.000000]   Intel GenuineIntel
[    0.000000]   AMD AuthenticAMD
[    0.000000]   Centaur CentaurHauls
[    0.000000] x86/fpu: xstate_offset[2]:  576, xstate_sizes[2]:  256
[    0.000000] x86/fpu: Supporting XSAVE feature 0x01: 'x87 floating point registers'
[    0.000000] x86/fpu: Supporting XSAVE feature 0x02: 'SSE registers'
[    0.000000] x86/fpu: Supporting XSAVE feature 0x04: 'AVX registers'
[    0.000000] x86/fpu: Enabled xstate features 0x7, context size is 832 bytes, using 'standard' format.
[    0.000000] e820: BIOS-provided physical RAM map:
[    0.000000] BIOS-e820: [mem 0x0000000000000000-0x000000000009fbff] usable
[    0.000000] BIOS-e820: [mem 0x000000000009fc00-0x000000000009ffff] reserved
[    0.000000] BIOS-e820: [mem 0x00000000000f0000-0x00000000000fffff] reserved
[    0.000000] BIOS-e820: [mem 0x0000000000100000-0x000000003ffeffff] usable
[    0.000000] BIOS-e820: [mem 0x000000003fff0000-0x000000003fffffff] ACPI data
[    0.000000] BIOS-e820: [mem 0x00000000fec00000-0x00000000fec00fff] reserved
[    0.000000] BIOS-e820: [mem 0x00000000fee00000-0x00000000fee00fff] reserved
[    0.000000] BIOS-e820: [mem 0x00000000fffc0000-0x00000000ffffffff] reserved
[    0.000000] NX (Execute Disable) protection: active
[    0.000000] SMBIOS 2.5 present.
[    0.000000] Hypervisor detected: KVM
[    0.000000] e820: last_pfn = 0x3fff0 max_arch_pfn = 0x400000000
[    0.000000] MTRR: Disabled
[    0.000000] x86/PAT: MTRRs disabled, skipping PAT initialization too.
[    0.000000] CPU MTRRs all blank - virtualized system.
[    0.000000] x86/PAT: Configuration [0-7]: WB  WT  UC- UC  WB  WT  UC- UC  
[    0.000000] found SMP MP-table at [mem 0x0009fff0-0x0009ffff] mapped at [ffff88000009fff0]
[    0.000000] Scanning 1 areas for low memory corruption
[    0.000000] RAMDISK: [mem 0x362fc000-0x37175fff]
[    0.000000] ACPI: Early table checksum verification disabled
[    0.000000] ACPI: RSDP 0x00000000000E0000 000024 (v02 VBOX  )
[    0.000000] ACPI: XSDT 0x000000003FFF0030 00003C (v01 VBOX   VBOXXSDT 00000001 ASL  00000061)
[    0.000000] ACPI: FACP 0x000000003FFF00F0 0000F4 (v04 VBOX   VBOXFACP 00000001 ASL  00000061)
[    0.000000] ACPI: DSDT 0x000000003FFF0470 0022EA (v02 VBOX   VBOXBIOS 00000002 INTL 20100528)
[    0.000000] ACPI: FACS 0x000000003FFF0200 000040
[    0.000000] ACPI: FACS 0x000000003FFF0200 000040
[    0.000000] ACPI: APIC 0x000000003FFF0240 00005C (v02 VBOX   VBOXAPIC 00000001 ASL  00000061)
[    0.000000] ACPI: SSDT 0x000000003FFF02A0 0001CC (v01 VBOX   VBOXCPUT 00000002 INTL 20100528)
[    0.000000] No NUMA configuration found
[    0.000000] Faking a node at [mem 0x0000000000000000-0x000000003ffeffff]
[    0.000000] NODE_DATA(0) allocated [mem 0x3ffeb000-0x3ffeffff]
[    0.000000] kvm-clock: Using msrs 4b564d01 and 4b564d00
[    0.000000] kvm-clock: cpu 0, msr 0:3ffe3001, primary cpu clock
[    0.000000] kvm-clock: using sched offset of 4047180783 cycles
[    0.000000] clocksource: kvm-clock: mask: 0xffffffffffffffff max_cycles: 0x1cd42e4dffb, max_idle_ns: 881590591483 ns
[    0.000000] Zone ranges:
[    0.000000]   DMA      [mem 0x0000000000001000-0x0000000000ffffff]
[    0.000000]   DMA32    [mem 0x0000000001000000-0x000000003ffeffff]
[    0.000000]   Normal   empty
[    0.000000]   Device   empty
[    0.000000] Movable zone start for each node
[    0.000000] Early memory node ranges
[    0.000000]   node   0: [mem 0x0000000000001000-0x000000000009efff]
[    0.000000]   node   0: [mem 0x0000000000100000-0x000000003ffeffff]
[    0.000000] Initmem setup node 0 [mem 0x0000000000001000-0x000000003ffeffff]
[    0.000000] ACPI: PM-Timer IO Port: 0x4008
[    0.000000] IOAPIC[0]: apic_id 2, version 32, address 0xfec00000, GSI 0-23
[    0.000000] ACPI: INT_SRC_OVR (bus 0 bus_irq 0 global_irq 2 dfl dfl)
[    0.000000] ACPI: INT_SRC_OVR (bus 0 bus_irq 9 global_irq 9 low level)
[    0.000000] Using ACPI (MADT) for SMP configuration information
[    0.000000] smpboot: Allowing 2 CPUs, 0 hotplug CPUs
[    0.000000] PM: Registered nosave memory: [mem 0x00000000-0x00000fff]
[    0.000000] PM: Registered nosave memory: [mem 0x0009f000-0x0009ffff]
[    0.000000] PM: Registered nosave memory: [mem 0x000a0000-0x000effff]
[    0.000000] PM: Registered nosave memory: [mem 0x000f0000-0x000fffff]
[    0.000000] e820: [mem 0x40000000-0xfebfffff] available for PCI devices
[    0.000000] Booting paravirtualized kernel on KVM
[    0.000000] clocksource: refined-jiffies: mask: 0xffffffff max_cycles: 0xffffffff, max_idle_ns: 7645519600211568 ns
[    0.000000] setup_percpu: NR_CPUS:512 nr_cpumask_bits:512 nr_cpu_ids:2 nr_node_ids:1
[    0.000000] PERCPU: Embedded 34 pages/cpu @ffff88003fc00000 s99544 r8192 d31528 u1048576
[    0.000000] Built 1 zonelists in Node order, mobility grouping on.  Total pages: 257912
[    0.000000] Policy zone: DMA32
[    0.000000] Kernel command line: BOOT_IMAGE=/boot/vmlinuz-4.4.0-157-generic root=LABEL=cloudimg-rootfs ro console=tty1 console=ttyS0
[    0.000000] PID hash table entries: 4096 (order: 3, 32768 bytes)
[    0.000000] Memory: 997736K/1048120K available (8618K kernel code, 1335K rwdata, 4032K rodata, 1484K init, 1284K bss, 50384K reserved, 0K cma-reserved)
[    0.000000] SLUB: HWalign=64, Order=0-3, MinObjects=0, CPUs=2, Nodes=1
[    0.000000] Kernel/User page tables isolation: enabled
[    0.000000] Hierarchical RCU implementation.
[    0.000000] 	Build-time adjustment of leaf fanout to 64.
[    0.000000] 	RCU restricting CPUs from NR_CPUS=512 to nr_cpu_ids=2.
[    0.000000] RCU: Adjusting geometry for rcu_fanout_leaf=64, nr_cpu_ids=2
[    0.000000] NR_IRQS:33024 nr_irqs:440 16
[    0.000000] Console: colour VGA+ 80x25
[    0.000000] console [tty1] enabled
[    0.000000] console [ttyS0] enabled
[    0.000000] tsc: Detected 2712.006 MHz processor
[    0.199551] Calibrating delay loop (skipped) preset value.. 5424.01 BogoMIPS (lpj=10848024)
[    0.201511] pid_max: default: 32768 minimum: 301
[    0.202520] ACPI: Core revision 20150930
[    0.204438] ACPI: 2 ACPI AML tables successfully acquired and loaded
[    0.206147] Security Framework initialized
[    0.207063] Yama: becoming mindful.
[    0.207830] AppArmor: AppArmor initialized
[    0.208734] Dentry cache hash table entries: 131072 (order: 8, 1048576 bytes)
[    0.213951] Inode-cache hash table entries: 65536 (order: 7, 524288 bytes)
[    0.215468] Mount-cache hash table entries: 2048 (order: 2, 16384 bytes)
[    0.216695] Mountpoint-cache hash table entries: 2048 (order: 2, 16384 bytes)
[    0.218099] Initializing cgroup subsys io
[    0.218959] Initializing cgroup subsys memory
[    0.219882] Initializing cgroup subsys devices
[    0.220816] Initializing cgroup subsys freezer
[    0.221742] Initializing cgroup subsys net_cls
[    0.222650] Initializing cgroup subsys perf_event
[    0.223736] Initializing cgroup subsys net_prio
[    0.224703] Initializing cgroup subsys hugetlb
[    0.225633] Initializing cgroup subsys pids
[    0.228566] mce: CPU supports 0 MCE banks
[    0.229544] Last level iTLB entries: 4KB 64, 2MB 8, 4MB 8
[    0.230624] Last level dTLB entries: 4KB 64, 2MB 0, 4MB 0, 1GB 4
[    0.231806] Spectre V2 : Mitigation: Full generic retpoline
[    0.232891] Spectre V2 : Spectre v2 / SpectreRSB mitigation: Filling RSB on context switch
[    0.234760] Speculative Store Bypass: Vulnerable
[    0.235905] MDS: Vulnerable: Clear CPU buffers attempted, no microcode
[    0.241311] Freeing SMP alternatives memory: 36K
[    0.252526] ftrace: allocating 32312 entries in 127 pages
[    0.344242] smpboot: APIC(0) Converting physical 0 to logical package 0
[    0.345931] smpboot: Max logical packages: 1
[    0.347282] x2apic enabled
[    0.348382] Switched APIC routing to physical x2apic.
[    0.352434] ..TIMER: vector=0x30 apic1=0 pin1=2 apic2=-1 pin2=-1
[    0.459681] smpboot: CPU0: Intel(R) Core(TM) i5-7200U CPU @ 2.50GHz (family: 0x6, model: 0x8e, stepping: 0x9)
[    0.462597] Performance Events: unsupported p6 CPU model 142 no PMU driver, software events only.
[    0.482908] KVM setup paravirtual spinlock
[    0.485010] x86: Booting SMP configuration:
[    0.486157] .... node  #0, CPUs:      #1
[    0.487438] kvm-clock: cpu 1, msr 0:3ffe3041, secondary cpu clock
[    0.490580] mce: CPU supports 0 MCE banks
[    0.493248] x86: Booted up 1 node, 2 CPUs
[    0.494396] smpboot: Total of 2 processors activated (10848.02 BogoMIPS)
[    0.496852] devtmpfs: initialized
[    0.500361] evm: security.selinux
[    0.501297] evm: security.SMACK64
[    0.502137] evm: security.SMACK64EXEC
[    0.502953] evm: security.SMACK64TRANSMUTE
[    0.503905] evm: security.SMACK64MMAP
[    0.504707] evm: security.ima
[    0.505421] evm: security.capability
[    0.506396] clocksource: jiffies: mask: 0xffffffff max_cycles: 0xffffffff, max_idle_ns: 7645041785100000 ns
[    0.508399] futex hash table entries: 512 (order: 3, 32768 bytes)
[    0.509804] pinctrl core: initialized pinctrl subsystem
[    0.511067] RTC time: 14:02:52, date: 08/02/19
[    0.512343] NET: Registered protocol family 16
[    0.523860] cpuidle: using governor ladder
[    0.536483] cpuidle: using governor menu
[    0.537871] PCCT header not found.
[    0.538911] ACPI: bus type PCI registered
[    0.540197] acpiphp: ACPI Hot Plug PCI Controller Driver version: 0.5
[    0.542107] PCI: Using configuration type 1 for base access
[    0.558226] ACPI: Added _OSI(Module Device)
[    0.560293] ACPI: Added _OSI(Processor Device)
[    0.562278] ACPI: Added _OSI(3.0 _SCP Extensions)
[    0.564335] ACPI: Added _OSI(Processor Aggregator Device)
[    0.568004] ACPI: Executed 1 blocks of module-level executable AML code
[    0.574654] ACPI: Interpreter enabled
[    0.576227] ACPI: (supports S0 S5)
[    0.577910] ACPI: Using IOAPIC for interrupt routing
[    0.580571] PCI: Using host bridge windows from ACPI; if necessary, use "pci=nocrs" and report a bug
[    0.592066] ACPI: PCI Root Bridge [PCI0] (domain 0000 [bus 00-ff])
[    0.594671] acpi PNP0A03:00: _OSC: OS supports [ASPM ClockPM Segments MSI]
[    0.598325] acpi PNP0A03:00: _OSC: not requesting OS control; OS requires [ExtendedConfig ASPM ClockPM MSI]
[    0.602536] acpi PNP0A03:00: fail to add MMCONFIG information, can't access extended PCI configuration space under this bridge.
[    0.607842] PCI host bridge to bus 0000:00
[    0.609693] pci_bus 0000:00: root bus resource [io  0x0000-0x0cf7 window]
[    0.612229] pci_bus 0000:00: root bus resource [io  0x0d00-0xffff window]
[    0.614963] pci_bus 0000:00: root bus resource [mem 0x000a0000-0x000bffff window]
[    0.618934] pci_bus 0000:00: root bus resource [mem 0x40000000-0xfdffffff window]
[    0.622334] pci_bus 0000:00: root bus resource [bus 00-ff]
[    0.630645] pci 0000:00:01.1: legacy IDE quirk: reg 0x10: [io  0x01f0-0x01f7]
[    0.632952] pci 0000:00:01.1: legacy IDE quirk: reg 0x14: [io  0x03f6]
[    0.634759] pci 0000:00:01.1: legacy IDE quirk: reg 0x18: [io  0x0170-0x0177]
[    0.636902] pci 0000:00:01.1: legacy IDE quirk: reg 0x1c: [io  0x0376]
[    0.665726] pci 0000:00:07.0: quirk: [io  0x4000-0x403f] claimed by PIIX4 ACPI
[    0.682733] pci 0000:00:07.0: quirk: [io  0x4100-0x410f] claimed by PIIX4 SMB
[    0.703277] ACPI: PCI Interrupt Link [LNKA] (IRQs 5 9 10 *11)
[    0.705730] ACPI: PCI Interrupt Link [LNKB] (IRQs 5 9 *10 11)
[    0.708312] ACPI: PCI Interrupt Link [LNKC] (IRQs 5 *9 10 11)
[    0.710465] ACPI: PCI Interrupt Link [LNKD] (IRQs 5 9 10 *11)
[    0.713391] ACPI: Enabled 2 GPEs in block 00 to 07
[    0.715195] vgaarb: setting as boot device: PCI:0000:00:02.0
[    0.717940] vgaarb: device added: PCI:0000:00:02.0,decodes=io+mem,owns=io+mem,locks=none
[    0.720465] vgaarb: loaded
[    0.721715] vgaarb: bridge control possible 0000:00:02.0
[    0.723595] SCSI subsystem initialized
[    0.725365] ACPI: bus type USB registered
[    0.727280] usbcore: registered new interface driver usbfs
[    0.729382] usbcore: registered new interface driver hub
[    0.731437] usbcore: registered new device driver usb
[    0.733398] PCI: Using ACPI for IRQ routing
[    0.735214] NetLabel: Initializing
[    0.736372] NetLabel:  domain hash size = 128
[    0.737848] NetLabel:  protocols = UNLABELED CIPSOv4
[    0.743860] NetLabel:  unlabeled traffic allowed by default
[    0.745877] amd_nb: Cannot enumerate AMD northbridges
[    0.747317] clocksource: Switched to clocksource kvm-clock
[    0.766293] AppArmor: AppArmor Filesystem Enabled
[    0.767624] pnp: PnP ACPI init
[    0.769372] pnp: PnP ACPI: found 3 devices
[    0.784162] clocksource: acpi_pm: mask: 0xffffff max_cycles: 0xffffff, max_idle_ns: 2085701024 ns
[    0.786090] NET: Registered protocol family 2
[    0.787617] TCP established hash table entries: 8192 (order: 4, 65536 bytes)
[    0.789825] TCP bind hash table entries: 8192 (order: 5, 131072 bytes)
[    0.791057] TCP: Hash tables configured (established 8192 bind 8192)
[    0.792434] UDP hash table entries: 512 (order: 2, 16384 bytes)
[    0.793558] UDP-Lite hash table entries: 512 (order: 2, 16384 bytes)
[    0.794811] NET: Registered protocol family 1
[    0.795864] pci 0000:00:00.0: Limiting direct PCI/PCI transfers
[    0.797076] pci 0000:00:01.0: Activating ISA DMA hang workarounds
[    0.798519] Unpacking initramfs...
[    1.265834] Freeing initrd memory: 14824K
[    1.267078] clocksource: tsc: mask: 0xffffffffffffffff max_cycles: 0x27178c274f7, max_idle_ns: 440795238189 ns
[    1.269530] platform rtc_cmos: registered platform RTC device (no PNP device found)
[    1.271763] Scanning for low memory corruption every 60 seconds
[    1.274030] audit: initializing netlink subsys (disabled)
[    1.275528] audit: type=2000 audit(1564754579.035:1): initialized
[    1.277015] Initialise system trusted keyring
[    1.278364] HugeTLB registered 2 MB page size, pre-allocated 0 pages
[    1.282363] zbud: loaded
[    1.283765] VFS: Disk quotas dquot_6.6.0
[    1.284865] VFS: Dquot-cache hash table entries: 512 (order 0, 4096 bytes)
[    1.287179] squashfs: version 4.0 (2009/01/31) Phillip Lougher
[    1.289041] fuse init (API version 7.23)
[    1.290292] Key type big_key registered
[    1.291355] Allocating IMA MOK and blacklist keyrings.
[    1.297297] Key type asymmetric registered
[    1.298580] Asymmetric key parser 'x509' registered
[    1.300063] Block layer SCSI generic (bsg) driver version 0.4 loaded (major 249)
[    1.302713] io scheduler noop registered
[    1.303692] io scheduler deadline registered (default)
[    1.304942] io scheduler cfq registered
[    1.305922] pci_hotplug: PCI Hot Plug PCI Core version: 0.5
[    1.307148] pciehp: PCI Express Hot Plug Controller Driver version: 0.4
[    1.308713] ACPI: AC Adapter [AC] (off-line)
[    1.309749] input: Power Button as /devices/LNXSYSTM:00/LNXPWRBN:00/input/input0
[    1.311839] ACPI: Power Button [PWRF]
[    1.313018] input: Sleep Button as /devices/LNXSYSTM:00/LNXSLPBN:00/input/input1
[    1.315456] ACPI: Sleep Button [SLPF]
[    1.316834] GHES: HEST is not enabled!
[    1.319133] ACPI: Battery Slot [BAT0] (battery present)
[    1.320398] Serial: 8250/16550 driver, 32 ports, IRQ sharing enabled
[    1.342303] 00:02: ttyS0 at I/O 0x3f8 (irq = 4, base_baud = 115200) is a 16550A
[    1.351127] Linux agpgart interface v0.103
[    1.355271] loop: module loaded
[    1.357181] scsi host0: ata_piix
[    1.358206] scsi host1: ata_piix
[    1.359091] ata1: PATA max UDMA/33 cmd 0x1f0 ctl 0x3f6 bmdma 0xd000 irq 14
[    1.360402] ata2: PATA max UDMA/33 cmd 0x170 ctl 0x376 bmdma 0xd008 irq 15
[    1.361750] libphy: Fixed MDIO Bus: probed
[    1.362576] tun: Universal TUN/TAP device driver, 1.6
[    1.363553] tun: (C) 1999-2004 Max Krasnyansky <maxk@qualcomm.com>
[    1.365038] PPP generic driver version 2.4.2
[    1.366084] ehci_hcd: USB 2.0 'Enhanced' Host Controller (EHCI) Driver
[    1.367485] ehci-pci: EHCI PCI platform driver
[    1.368636] ehci-platform: EHCI generic platform driver
[    1.369710] ohci_hcd: USB 1.1 'Open' Host Controller (OHCI) Driver
[    1.370856] ohci-pci: OHCI PCI platform driver
[    1.372580] ohci-platform: OHCI generic platform driver
[    1.373602] uhci_hcd: USB Universal Host Controller Interface driver
[    1.374955] i8042: PNP: PS/2 Controller [PNP0303:PS2K,PNP0f03:PS2M] at 0x60,0x64 irq 1,12
[    1.377255] serio: i8042 KBD port at 0x60,0x64 irq 1
[    1.378253] serio: i8042 AUX port at 0x60,0x64 irq 12
[    1.379642] mousedev: PS/2 mouse device common for all mice
[    1.382269] rtc_cmos rtc_cmos: rtc core: registered rtc_cmos as rtc0
[    1.383858] input: AT Translated Set 2 keyboard as /devices/platform/i8042/serio0/input/input2
[    1.386005] rtc_cmos rtc_cmos: alarms up to one day, 114 bytes nvram
[    1.387398] i2c /dev entries driver
[    1.388384] device-mapper: uevent: version 1.0.3
[    1.389605] device-mapper: ioctl: 4.34.0-ioctl (2015-10-28) initialised: dm-devel@redhat.com
[    1.391691] ledtrig-cpu: registered to indicate activity on CPUs
[    1.393671] NET: Registered protocol family 10
[    1.395208] NET: Registered protocol family 17
[    1.396311] Key type dns_resolver registered
[    1.398705] registered taskstats version 1
[    1.399802] Loading compiled-in X.509 certificates
[    1.401820] Loaded X.509 cert 'Build time autogenerated kernel key: 3e01e6df98386236d59670e6b2ed19a044d5324e'
[    1.404618] zswap: loaded using pool lzo/zbud
[    1.408627] Key type trusted registered
[    1.415145] Key type encrypted registered
[    1.416302] AppArmor: AppArmor sha1 policy hashing enabled
[    1.417713] ima: No TPM chip found, activating TPM-bypass!
[    1.419294] ima: Allocated hash algorithm: sha1
[    1.420582] evm: HMAC attrs: 0x1
[    1.422203]   Magic number: 15:606:29
[    1.423433] rtc_cmos rtc_cmos: setting system clock to 2019-08-02 14:02:53 UTC (1564754573)
[    1.425870] BIOS EDD facility v0.16 2004-Jun-25, 0 devices found
[    1.427130] EDD information not available.
[    1.518995] Freeing unused kernel memory: 1484K
[    1.521965] Write protecting the kernel read-only data: 14336k
[    1.526337] Freeing unused kernel memory: 1612K
[    1.529158] Freeing unused kernel memory: 64K
Loading, please wait...
starting version 229
[    1.563379] random: systemd-udevd: uninitialized urandom read (16 bytes read, 3 bits of entropy available)
[    1.565033] random: udevadm: uninitialized urandom read (16 bytes read, 3 bits of entropy available)
[    1.565075] random: udevadm: uninitialized urandom read (16 bytes read, 3 bits of entropy available)
[    1.579098] random: systemd-udevd: uninitialized urandom read (16 bytes read, 3 bits of entropy available)
[    1.585535] random: systemd-udevd: uninitialized urandom read (16 bytes read, 3 bits of entropy available)
[    1.585960] random: udevadm: uninitialized urandom read (16 bytes read, 3 bits of entropy available)
[    1.586098] random: udevadm: uninitialized urandom read (16 bytes read, 3 bits of entropy available)
[    1.586548] random: udevadm: uninitialized urandom read (16 bytes read, 3 bits of entropy available)
[    1.586789] random: udevadm: uninitialized urandom read (16 bytes read, 3 bits of entropy available)
[    1.586970] random: udevadm: uninitialized urandom read (16 bytes read, 3 bits of entropy available)
[    1.701396] e1000: Intel(R) PRO/1000 Network Driver - version 7.3.21-k8-NAPI
[    1.705198] e1000: Copyright (c) 1999-2006 Intel Corporation.
[    1.709385] Fusion MPT base driver 3.04.20
[    1.712059] Copyright (c) 1999-2008 LSI Corporation
[    1.741422] Fusion MPT SPI Host driver 3.04.20
[    1.756346] AVX2 version of gcm_enc/dec engaged.
[    1.757803] AES CTR mode by8 optimization enabled
[    1.937419] input: ImExPS/2 Generic Explorer Mouse as /devices/platform/i8042/serio1/input/input4
[    2.135816] e1000 0000:00:03.0 eth0: (PCI:33MHz:32-bit) 02:c2:66:bb:16:6d
[    2.137169] e1000 0000:00:03.0 eth0: Intel(R) PRO/1000 Network Connection
[    2.578051] e1000 0000:00:08.0 eth1: (PCI:33MHz:32-bit) 08:00:27:94:61:37
[    2.579575] e1000 0000:00:08.0 eth1: Intel(R) PRO/1000 Network Connection
[    2.584275] mptbase: ioc0: Initiating bringup
[    2.586826] e1000 0000:00:03.0 enp0s3: renamed from eth0
[    2.604647] e1000 0000:00:08.0 enp0s8: renamed from eth1
[    2.656117] ioc0: LSI53C1030 A0: Capabilities={Initiator}
[    2.830874] scsi host2: ioc0: LSI53C1030 A0, FwRev=00000000h, Ports=1, MaxQ=256, IRQ=20
[    2.952558] scsi 2:0:0:0: Direct-Access     VBOX     HARDDISK         1.0  PQ: 0 ANSI: 5
[    2.959587] scsi target2:0:0: Beginning Domain Validation
[    2.966673] scsi target2:0:0: Domain Validation skipping write tests
[    2.970788] scsi target2:0:0: Ending Domain Validation
[    2.974201] scsi target2:0:0: asynchronous
[    2.978650] scsi 2:0:1:0: Direct-Access     VBOX     HARDDISK         1.0  PQ: 0 ANSI: 5
[    2.984125] scsi target2:0:1: Beginning Domain Validation
[    2.989988] scsi target2:0:1: Domain Validation skipping write tests
[    2.993682] scsi target2:0:1: Ending Domain Validation
[    3.026273] scsi target2:0:1: asynchronous
[    3.046068] sd 2:0:0:0: [sda] 20971520 512-byte logical blocks: (10.7 GB/10.0 GiB)
[    3.050549] sd 2:0:0:0: Attached scsi generic sg0 type 0
[    3.053341] sd 2:0:0:0: [sda] Write Protect is off
[    3.056284] sd 2:0:0:0: [sda] Incomplete mode parameter data
[    3.058766] sd 2:0:0:0: [sda] Assuming drive cache: write through
[    3.062432] sd 2:0:1:0: [sdb] 20480 512-byte logical blocks: (10.5 MB/10.0 MiB)
[    3.062942] sd 2:0:1:0: Attached scsi generic sg1 type 0
[    3.067305] sd 2:0:1:0: [sdb] Write Protect is off
[    3.069209] sd 2:0:1:0: [sdb] Incomplete mode parameter data
[    3.071016] sd 2:0:1:0: [sdb] Assuming drive cache: write through
[    3.075527]  sda: sda1
[    3.077841] sd 2:0:0:0: [sda] Attached SCSI disk
[    3.081309] sd 2:0:1:0: [sdb] Attached SCSI disk
Begin: Loading essential drivers ... [    4.789623] md: linear personality registered for level -1
[    4.795172] md: multipath personality registered for level -4
[    4.800476] md: raid0 personality registered for level 0
[    4.808387] md: raid1 personality registered for level 1
[    4.879542] raid6: sse2x1   gen()  5669 MB/s
[    4.947884] raid6: sse2x1   xor()  4920 MB/s
[    5.015344] raid6: sse2x2   gen()  7860 MB/s
[    5.083539] raid6: sse2x2   xor()  6369 MB/s
[    5.151951] raid6: sse2x4   gen()  9532 MB/s
[    5.219894] raid6: sse2x4   xor()  6841 MB/s
[    5.287632] raid6: avx2x1   gen() 15115 MB/s
[    5.355614] raid6: avx2x2   gen() 13711 MB/s
[    5.424097] raid6: avx2x4   gen() 15267 MB/s
[    5.425519] raid6: using algorithm avx2x4 gen() 15267 MB/s
[    5.426764] raid6: using avx2x2 recovery algorithm
[    5.429301] xor: automatically using best checksumming function:
[    5.467614]    avx       : 19260.000 MB/sec
[    5.469881] async_tx: api initialized (async)
[    5.485421] md: raid6 personality registered for level 6
[    5.486771] md: raid5 personality registered for level 5
[    5.488156] md: raid4 personality registered for level 4
[    5.499011] md: raid10 personality registered for level 10
done.
Begin: Running /scripts/init-premount ... done.
Begin: Mounting root file system ... Begin: Running /scripts/local-top ... done.
Begin: Running /scripts/local-premount ... [    5.547334] Btrfs loaded
Scanning for Btrfs filesystems
done.
Warning: fsck not present, so skipping root file system
[    5.614409] EXT4-fs (sda1): mounted filesystem with ordered data mode. Opts: (null)
done.
Begin: Running /scripts/local-bottom ... done.
Begin: Running /scripts/init-bottom ... done.
[    5.798402] systemd[1]: systemd 229 running in system mode. (+PAM +AUDIT +SELINUX +IMA +APPARMOR +SMACK +SYSVINIT +UTMP +LIBCRYPTSETUP +GCRYPT +GNUTLS +ACL +XZ -LZ4 +SECCOMP +BLKID +ELFUTILS +KMOD -IDN)
[    5.802609] systemd[1]: Detected virtualization oracle.
[    5.805239] systemd[1]: Detected architecture x86-64.

Welcome to [1mUbuntu 16.04.6 LTS[0m!

[    5.810699] systemd[1]: Set hostname to <ubuntu>.
[    5.815110] systemd[1]: Initializing machine ID from random generator.
[    5.816823] systemd[1]: Installed transient /etc/machine-id file.
[    6.039979] systemd[1]: Created slice User and Session Slice.
[[0;32m  OK  [0m] Created slice User and Session Slice.
[    6.042752] systemd[1]: Reached target Encrypted Volumes.
[[0;32m  OK  [0m] Reached target Encrypted Volumes.
[    6.269268] systemd[1]: Reached target User and Group Name Lookups.
[[0;32m  OK  [0m] Reached target User and Group Name Lookups.
[    6.276165] systemd[1]: Created slice System Slice.
[[0;32m  OK  [0m] Created slice System Slice.
[    6.282708] systemd[1]: Set up automount Arbitrary Executable File Formats File System Automount Point.
[[0;32m  OK  [0m] Set up automount Arbitrary Executab...ats File System Automount Point.
[    6.293154] systemd[1]: Created slice system-serial\x2dgetty.slice.
[[0;32m  OK  [0m] Created slice system-serial\x2dgetty.slice.
[    6.300158] systemd[1]: Started Forward Password Requests to Wall Directory Watch.
[[0;32m  OK  [0m] Started Forward Password Requests to Wall Directory Watch.
[    6.308399] systemd[1]: Reached target Swap.
[[0;32m  OK  [0m] Reached target Swap.
[    6.313757] systemd[1]: Started Trigger resolvconf update for networkd DNS.
[[0;32m  OK  [0m] Started Trigger resolvconf update for networkd DNS.
[    6.320982] systemd[1]: Listening on Journal Socket.
[[0;32m  OK  [0m] Listening on Journal Socket.
[    6.856756] systemd[1]: Starting Load Kernel Modules...
         Starting Load Kernel Modules...
[    6.865268] systemd[1]: Mounting Huge Pages File System...
         Mounting Huge Pages File System...
[    6.875329] systemd[1]: Mounting POSIX Message Queue File System...
         Mounting POSIX Message Queue File System...
[    6.898328] systemd[1]: Listening on Journal Socket (/dev/log).
[[0;32m  OK  [0m] Listening on Journal Socket (/dev/log).[    6.905472] Loading iSCSI transport class v2.0-870.

[    6.911335] systemd[1]: Starting Create list of required static device nodes for the current kernel...
         Starting Create list of required st... nodes for the current kernel...
[    6.922254] systemd[1]: Listening on LVM2 metadata daemon socket.
[[0;32m  OK  [0m] Listening on LVM2 metadata daemon socket.
[    6.932849] systemd[1]: Listening on Journal Audit Socket.
[[0;32m  OK  [0m] Listening on Journal Audit Socket.
[    6.942783] iscsi: registered transport (tcp)
[    6.945947] systemd[1]: Reached target Slices.
[[0;32m  OK  [0m] Reached target Slices.
[    6.951953] systemd[1]: Listening on Syslog Socket.
[[0;32m  OK  [0m] Listening on Syslog Socket.
[    6.987966] systemd[1]: Starting Uncomplicated firewall...
         Starting Uncomplicated firewall...
[    6.992033] systemd[1]: Listening on udev Control Socket.
[[0;32m  OK  [0m] Listening on udev Control Socket.
[    6.995538] systemd[1]: Listening on udev Kernel Socket.
[[0;32m  OK  [0m] Listening on udev Kernel Socket.
[    6.998789] systemd[1]: Starting Journal Service...
         Starting Journal[    7.000830] iscsi: registered transport (iser)
 Service...
[    7.001935] systemd[1]: Listening on /dev/initctl Compatibility Named Pipe.
[[0;32m  OK  [0m] Listening on /dev/initctl Compatibility Named Pipe.
[    7.007061] systemd[1]: Mounting Debug File System...
         Mounting Debug File System...
[    7.013204] systemd[1]: Starting Nameserver information manager...
         Starting Nameserver information manager...
[    7.016235] systemd[1]: Listening on Device-mapper event daemon FIFOs.
[[0;32m  OK  [0m] Listening on Device-mapper event daemon FIFOs.
[    7.020611] systemd[1]: Starting Monitoring of LVM2 mirrors, snapshots etc. using dmeventd or progress polling...
         Starting Monitoring of LVM2 mirrors... dmeventd or progress polling...
[    7.030048] systemd[1]: Starting Remount Root and Kernel File Systems...
         Starting Remount Root and Kernel File Systems...
[    7.035485] systemd[1]: Starting Set console keymap...
         Starting Set console keymap...
[    7.045262] systemd[1]: Reached target System Time Synchronized.
[[0;32m  OK  [0m] Reached target System Time Synchronized.
[    7.050216] systemd[1]: Listening on LVM2 poll daemon socket.
[    7.052352] EXT4-fs (sda1): re-mounted. Opts: (null)
[[0;32m  OK  [0m] Listening on LVM2 poll daemon socket.
[    7.059251] systemd[1]: Mounted Huge Pages File System.
[[0;32m  OK  [0m] Mounted Huge Pages File System.
[    7.062856] systemd[1]: Mounted Debug File System.
[[0;32m  OK  [0m] Mounted Debug File System.
[    7.072716] systemd[1]: Mounted POSIX Message Queue File System.
[[0;32m  OK  [0m] Mounted POSIX Message Queue File System.
[    7.078689] systemd[1]: Started Journal Service.
[[0;32m  OK  [0m] Started Journal Service.
[[0;32m  OK  [0m] Started Load Kernel Modules.
[[0;32m  OK  [0m] Started Create list of required sta...ce nodes for the current kernel.
[[0;32m  OK  [0m] Started Uncomplicated firewall.
[[0;32m  OK  [0m] Started Remount Root and Kernel File Systems.
[    7.106245] random: nonblocking pool is initialized
[[0;32m  OK  [0m] Started Nameserver information manager.
[[0;32m  OK  [0m] Started Set console keymap.
[[0;32m  OK  [0m] Started LVM2 metadata daemon.
         Starting Load/Save Random Seed...
         Starting udev Coldplug all Devices...
         Starting Create Static Device Nodes in /dev...
         Mounting FUSE Control File System...
         Starting Apply Kernel Variables...
         Starting Flush Journal to Persistent Storage...
[[0;32m  OK  [0m] Mounted FUSE Control File System.
[[0;32m  OK  [0m] Started Load/Save Random Seed.
[[0;32m  OK  [0m] Started Apply Kernel Variables.
[[0;32m  OK  [0m] Started Create Static Device Nodes in /dev.
[[0;32m  OK  [0m] Started Flush Journal to Persistent Storage.
         Starting udev Kernel Device Manager...
[[0;32m  OK  [0m] Started udev Coldplug all Devices.
[[0;32m  OK  [0m] Started udev Kernel Device Manager.
[[0;32m  OK  [0m] Started Dispatch Password Requests to Console Directory Watch.
[[0;32m  OK  [0m] Found device /dev/ttyS0.
[[0;32m  OK  [0m] Listening on Load/Save RF Kill Switch Status /dev/rfkill Watch.
[[0;32m  OK  [0m] Started Monitoring of LVM2 mirrors,...ng dmeventd or progress polling.
[[0;32m  OK  [0m] Reached target Local File Systems (Pre).
[[0;32m  OK  [0m] Reached target Local File Systems.
         Starting Tell Plymouth To Write Out Runtime Data...
         Starting Create Volatile Files and Directories...
         Starting Initial cloud-init job (pre-networking)...
         Starting LSB: AppArmor initialization...
         Starting Set console font and keymap...
         Starting Commit a transient machine-id on disk...
[[0;32m  OK  [0m] Started Tell Plymouth To Write Out Runtime Data.
[[0;32m  OK  [0m] Started Create Volatile Files and Directories.
         Starting Update UTMP about System Boot/Shutdown...
[[0;32m  OK  [0m] Started Commit a transient machine-id on disk.
[[0;32m  OK  [0m] Started Update UTMP about System Boot/Shutdown.
[[0;32m  OK  [0m] Started LSB: AppArmor initialization.
[    9.364850] cloud-init[532]: Cloud-init v. 19.1-1-gbaa47854-0ubuntu1~16.04.1 running 'init-local' at Fri, 02 Aug 2019 14:03:01 +0000. Up 8.71 seconds.
[[0;32m  OK  [0m] Started Initial cloud-init job (pre-networking).
[[0;32m  OK  [0m] Reached target Network (Pre).
         Starting Raise network interfaces...
[[0;32m  OK  [0m] Started Set console font and keymap.
[[0;32m  OK  [0m] Created slice system-getty.slice.
[[0;32m  OK  [0m] Started Raise network interfaces.
[[0;32m  OK  [0m] Reached target Network.
         Starting Initial cloud-init job (metadata service crawler)...
[   11.340861] cloud-init[970]: Cloud-init v. 19.1-1-gbaa47854-0ubuntu1~16.04.1 running 'init' at Fri, 02 Aug 2019 14:03:02 +0000. Up 10.45 seconds.
[   11.343159] cloud-init[970]: ci-info: ++++++++++++++++++++++++++++++++++++++Net device info+++++++++++++++++++++++++++++++++++++++
[   11.344987] cloud-init[970]: ci-info: +--------+-------+----------------------------+---------------+--------+-------------------+
[   11.346966] cloud-init[970]: ci-info: | Device |   Up  |          Address           |      Mask     | Scope  |     Hw-Address    |
[   11.349115] cloud-init[970]: ci-info: +--------+-------+----------------------------+---------------+--------+-------------------+
[   11.350606] cloud-init[970]: ci-info: | enp0s3 |  True |         10.0.2.15          | 255.255.255.0 | global | 02:c2:66:bb:16:6d |
[   11.352200] cloud-init[970]: ci-info: | enp0s3 |  True | fe80::c2:66ff:febb:166d/64 |       .       |  link  | 02:c2:66:bb:16:6d |
[   11.354406] cloud-init[970]: ci-info: | enp0s8 | False |             .              |       .       |   .    | 08:00:27:94:61:37 |
[   11.357047] cloud-init[970]: ci-info: |   lo   |  True |         127.0.0.1          |   255.0.0.0   |  host  |         .         |
[   11.360885] cloud-init[970]: ci-info: |   lo   |  True |          ::1/128           |       .       |  host  |         .         |
[   11.364945] cloud-init[970]: ci-info: +--------+-------+----------------------------+---------------+--------+-------------------+
[   11.368834] cloud-init[970]: ci-info: +++++++++++++++++++++++++++Route IPv4 info++++++++++++++++++++++++++++
[   11.370787] cloud-init[970]: ci-info: +-------+-------------+----------+---------------+-----------+-------+
[   11.372904] cloud-init[970]: ci-info: | Route | Destination | Gateway  |    Genmask    | Interface | Flags |
[   11.375038] cloud-init[970]: ci-info: +-------+-------------+----------+---------------+-----------+-------+
[   11.384684] cloud-init[970]: ci-info: |   0   |   0.0.0.0   | 10.0.2.2 |    0.0.0.0    |   enp0s3  |   UG  |
[   11.386857] cloud-init[970]: ci-info: |   1   |   10.0.2.0  | 0.0.0.0  | 255.255.255.0 |   enp0s3  |   U   |
[   11.389180] cloud-init[970]: ci-info: +-------+-------------+----------+---------------+-----------+-------+
[   11.391477] cloud-init[970]: ci-info: +++++++++++++++++++Route IPv6 info+++++++++++++++++++
[   11.394858] cloud-init[970]: ci-info: +-------+-------------+---------+-----------+-------+
[   11.399489] cloud-init[970]: ci-info: | Route | Destination | Gateway | Interface | Flags |
[   11.408797] cloud-init[970]: ci-info: +-------+-------------+---------+-----------+-------+
[   11.413975] cloud-init[970]: ci-info: |   0   |  fe80::/64  |    ::   |   enp0s3  |   U   |
[   11.419292] cloud-init[970]: ci-info: |   3   |   ff00::/8  |    ::   |   enp0s3  |   U   |
[   11.421823] cloud-init[970]: ci-info: +-------+-------------+---------+-----------+-------+
[   11.424608] cloud-init[970]: Generating public/private rsa key pair.
[   11.426771] cloud-init[970]: Your identification has been saved in /etc/ssh/ssh_host_rsa_key.
[   11.429229] cloud-init[970]: Your public key has been saved in /etc/ssh/ssh_host_rsa_key.pub.
[   11.433497] cloud-init[970]: The key fingerprint is:
[   11.435619] cloud-init[970]: SHA256:1FZmf/h5EEWnCVSih29CNGxtgH5kTM1mLMOQFXh/7e0 root@ubuntu-xenial
[   11.439241] cloud-init[970]: The key's randomart image is:
[   11.441105] cloud-init[970]: +---[RSA 2048]----+
[   11.442625] cloud-init[970]: |        .@BOB.oo+|
[   11.444198] cloud-init[970]: |        +o@BO+ =.|
[   11.445804] cloud-init[970]: |       ..=*B. *..|
[   11.447425] cloud-init[970]: |       ..o.o. .+o|
[   11.449264] cloud-init[970]: |        S.. o. o+|
[   11.456607] cloud-init[970]: |           o    +|
[   11.458088] cloud-init[970]: |               . |
[   11.465240] cloud-init[970]: |                E|
[   11.466947] cloud-init[970]: |                 |
[   11.485887] cloud-init[970]: +----[SHA256]-----+
[   11.487908] cloud-init[970]: Generating public/private dsa key pair.
[   11.491011] cloud-init[970]: Your identification has been saved in /etc/ssh/ssh_host_dsa_key.
[   11.497433] cloud-init[970]: Your public key has been saved in /etc/ssh/ssh_host_dsa_key.pub.
[   11.508275] cloud-init[970]: The key fingerprint is:
[   11.512144] cloud-init[970]: SHA256:pODvHEx3tnhZzV+ImSV2xCQEPuvIxocv47zwIcnIzAo root@ubuntu-xenial
[   11.515173] cloud-init[970]: The key's randomart image is:
[   11.516596] cloud-init[970]: +---[DSA 1024]----+
[   11.517817] cloud-init[970]: |          .oooo  |
[   11.524893] cloud-init[970]: |         .   o.  |
[   11.526214] cloud-init[970]: |    .   . o o o  |
[   11.532698] cloud-init[970]: |   . . o   + X . |
[   11.534655] cloud-init[970]: |    . o S + = + .|
[   11.536904] cloud-init[970]: |   + * = B +   ..|
[   11.538603] cloud-init[970]: |E   = O O *     .|
[   11.541785] [[0;32m  OK  [0m] Started Initial cloud-init job (metadata service crawler).cloud-init
[970]: | . . o Bo=       |
[   11.544389] [[0;32m  OK  [0m] Reached target Network is Online.
cloud-init[970]: |  .   o.=+.      |
[   11.546417] cloud-init[970]: +----[SHA256]-----+
[   11.547711] cloud-init[970]: Generating public/private ecdsa key pair.
[   11.549252] cloud-init[970]: Your identification has been saved in /etc/ssh/ssh_host_ecdsa_key.
[   11.551145] cloud-init[970]: Your public key has been saved in /etc/ssh/ssh_host_ecdsa_key.pub.
[   11.553078] cloud-init[970]: The key fingerprint is:
[   11.554451] cloud-init[970]: SHA256:gP9DB15EsOOh8IukVatvL+buvz1Is+iKtoph+hSVQII root@ubuntu-xenial
[   11.556308] cloud-init[970]: The key's randomart image is:
[   11.557755] cloud-init[970]: +---[ECDSA 256]---+
[   11.559067]          cloud-initStarting iSCSI initiator daemon (iscsid)...[970]: 
|o.o     .oo      |
[   11.562875] cloud-init[970]: [[0;32m  OK  [0m] Reached target System Initialization.
[[0;32m  OK  [0m] Listening on ACPID Listen Socket.
|E. . o   o       |
         Starting Socket activation for snappy daemon.
[   11.570294] cloud-init[970]: |    = o = .      |
         Starting LXD - unix socket.
[[0;32m  OK  [0m] Listening on UUID daemon activation socket.
[   11.571906] [[0;32m  OK  [0m] Started ACPI Events Check.
[[0;32m  OK  [0m] Reached target Paths.
[[0;32m  OK  [0m] Started Daily Cleanup of Temporary Directories.
[[0;32m  OK  [0m] Started Daily apt download activities.
[[0;32m  OK  [0m] Started Daily apt upgrade and clean activities.
[[0;32m  OK  [0m] Reached target Timers.
[[0;32m  OK  [0m] Listening on D-Bus System Message Bus Socket.
[[0;32m  OK  [0m] Reached target Cloud-config availability.
[[0;32m  OK  [0m] Listening on Socket activation for snappy daemon.
[[0;32m  OK  [0m] Listening on LXD - unix socket.
cloud-init[970]: |   . = * =       |
[   11.581791] cloud-init[970]: [[0;32m  OK  [0m] Reached target Sockets.
[[0;32m  OK  [0m] Reached target Basic System.
|  . o = S .      |
[   11.584307]          cloud-initStarting Accounts Service...[970]: 
|   = o +o.       |
[   11.587437] cloud-init[970]: |..o o .oo+       |
[   11.589675] cloud-init[970]: |+o.. .= oo.      |
         Starting System Logging Service...
[   11.591604]          cloud-init[970]: |+++..O*++...     |
[   11.592885] cloud-init[970]: +----[SHA256]-----+
Starting Pollinate to seed the pseudo random number generator...
[   11.594286] cloud-init[970]: Generating public/private ed25519 key pair.
[   11.603364]          Starting /etc/rc.local Compatibility...
         Starting LXD - container startup/shutdown...
[[0;32m  OK  [0m] Started Deferred execution scheduler.
         Starting LSB: MD monitoring daemon...
[[0;32m  OK  [0m] Started D-Bus System Message Bus.
cloud-init[970]: Your identification has been saved in /etc/ssh/ssh_host_ed25519_key.
[   11.628560] cloud-init[970]: Your public key has been saved in /etc/ssh/ssh_host_ed25519_key.pub.
[   11.630959] cloud-init[970]: The key fingerprint is:
[   11.633625] cloud-init[970]: SHA256:HHlVDkBrdmI1vr2mTKSsjtq9WRnuH6Q7CDMmijWFXNU root@ubuntu-xenial
[   11.635577] cloud-init[970]: The key's randomart image is:
[   11.644842] cloud-init[970]: +--[ED25519 256]--+
[   11.646879] cloud-init[970]: |     ... .o.=..  |
[   11.649510] cloud-init[970]: |    .   E. = +   |
[   11.653420] cloud-init[970]: | . o    o B o .  |
[   11.655841] cloud-init[970]: |  o .  . * o o   |
[   11.659945] cloud-init[970]: |   .    S . + .  |
[   11.663873] cloud-init[970]: |  o . =  o B   . |
[   11.666806] cloud-init[970]: | o o o + .B o o  |
[   11.669533] cloud-init[970]: |. .  . o.=.+ +   |
[   11.671297] cloud-init[970]: |    ..o.*.oo+    |
[   11.673478] cloud-init[970]: +----[SHA256]-----+
         Starting LSB: Record successful boot for GRUB...
[[0;32m  OK  [0m] Started FUSE filesystem for LXC.
[[0;32m  OK  [0m] Started ACPI event daemon.
         Starting Virtualbox guest utils...
[[0;32m  OK  [0m] Started Regular background program processing daemon.
         Starting Snappy daemon...
         Starting Login Service...
[[0;32m  OK  [0m] Started System Logging Service.
[[0;32m  OK  [0m] Started /etc/rc.local Compatibility.
[[0;32m  OK  [0m] Started iSCSI initiator daemon (iscsid).
[[0;32m  OK  [0m] Started LSB: MD monitoring daemon.
[[0;32m  OK  [0m] Started Login Service.
[[0;32m  OK  [0m] Started Unattended Upgrades Shutdown.
         Starting Authenticate and Authorize Users to Run Privileged Tasks...
         Starting Login to default iSCSI targets...
[[0;32m  OK  [0m] Started LSB: Record successful boot for GRUB.
[[0;32m  OK  [0m] Started Login to default iSCSI targets.
[[0;32m  OK  [0m] Started LXD - container startup/shutdown.
[[0;32m  OK  [0m] Reached target Remote File Systems (Pre).
[[0;32m  OK  [0m] Reached target Remote File Systems.
         Starting LSB: daemon to balance interrupts for SMP systems...
         Starting Permit User Sessions...
         Starting LSB: automatic crash report generation...
         Starting LSB: Set the CPU Frequency Scaling governor to "ondemand"...
[[0;32m  OK  [0m] Started Authenticate and Authorize Users to Run Privileged Tasks.
[[0;32m  OK  [0m] Started Permit User Sessions.
[[0;32m  OK  [0m] Started Accounts Service.
[[0;32m  OK  [0m] Started Virtualbox guest utils.
         Starting Terminate Plymouth Boot Screen...
         Starting Hold until boot process finishes up...
[[0;32m  OK  [0m] Started LSB: Set the CPU Frequency Scaling governor to "ondemand".
[[0;32m  OK  [0m] Started Terminate Plymouth Boot Screen.
[[0;32m  OK  [0m] Started Hold until boot process finishes up.
[[0;32m  OK  [0m] Started Getty on tty1.
         Starting Set console scheme...
[[0;32m  OK  [0m] Started Serial Getty on ttyS0.
[[0;32m  OK  [0m] Reached target Login Prompts.
[[0;32m  OK  [0m] Started LSB: daemon to balance interrupts for SMP systems.
[[0;32m  OK  [0m] Started LSB: automatic crash report generation.
[[0;32m  OK  [0m] Started Set console scheme.
[[0;32m  OK  [0m] Started Pollinate to seed the pseudo random number generator.
         Starting OpenBSD Secure Shell server...
[[0;32m  OK  [0m] Started Snappy daemon.
         Starting Wait until snapd is fully seeded...
[[0;32m  OK  [0m] Started OpenBSD Secure Shell server.
[[0;32m  OK  [0m] Created slice User Slice of vagrant.
         Starting User Manager for UID 1000...
[[0;32m  OK  [0m] Started Session 1 of user vagrant.
[[0;32m  OK  [0m] Started User Manager for UID 1000.
[[0;32m  OK  [0m] Started Wait until snapd is fully seeded.
[[0;32m  OK  [0m] Reached target Multi-User System.
[[0;32m  OK  [0m] Reached target Graphical Interface.
         Starting Update UTMP about System Runlevel Changes...
         Starting Apply the settings specified in cloud-config...
[[0;32m  OK  [0m] Started Update UTMP about System Runlevel Changes.
[   14.156342] cloud-init[1409]: Generating locales (this might take a while)...
[   15.349666] cloud-init[1409]:   en_US.UTF-8... done
[   15.352364] cloud-init[1409]: Generation complete.
[   15.729985] cloud-init[1409]: Cloud-init v. 19.1-1-gbaa47854-0ubuntu1~16.04.1 running 'modules:config' at Fri, 02 Aug 2019 14:03:06 +0000. Up 13.93 seconds.
[[0;32m  OK  [0m] Started Apply the settings specified in cloud-config.
         Starting Execute cloud user/final scripts...
ci-info: no authorized ssh keys fingerprints found for user ubuntu.
<14>Aug  2 14:03:08 ec2: 
<14>Aug  2 14:03:08 ec2: #############################################################
<14>Aug  2 14:03:08 ec2: -----BEGIN SSH HOST KEY FINGERPRINTS-----
<14>Aug  2 14:03:08 ec2: 1024 SHA256:pODvHEx3tnhZzV+ImSV2xCQEPuvIxocv47zwIcnIzAo root@ubuntu-xenial (DSA)
<14>Aug  2 14:03:08 ec2: 256 SHA256:gP9DB15EsOOh8IukVatvL+buvz1Is+iKtoph+hSVQII root@ubuntu-xenial (ECDSA)
<14>Aug  2 14:03:08 ec2: 256 SHA256:HHlVDkBrdmI1vr2mTKSsjtq9WRnuH6Q7CDMmijWFXNU root@ubuntu-xenial (ED25519)
<14>Aug  2 14:03:08 ec2: 2048 SHA256:1FZmf/h5EEWnCVSih29CNGxtgH5kTM1mLMOQFXh/7e0 root@ubuntu-xenial (RSA)
<14>Aug  2 14:03:08 ec2: -----END SSH HOST KEY FINGERPRINTS-----
<14>Aug  2 14:03:08 ec2: #############################################################
-----BEGIN SSH HOST KEY KEYS-----
ecdsa-sha2-nistp256 AAAAE2VjZHNhLXNoYTItbmlzdHAyNTYAAAAIbmlzdHAyNTYAAABBBIwjZQ6Xv/j3XbubmzqamwGFFQwgShmPEFy5PbGoFbfOA7Si+iynxqFaB0LxkHAE+mzk215HvPv34wu9YtpizUg= root@ubuntu-xenial
ssh-ed25519 AAAAC3NzaC1lZDI1NTE5AAAAIOLdVFIuE6oYiC9Lh24IwMIps/Yr/lxmpxux1tzl084R root@ubuntu-xenial
ssh-rsa AAAAB3NzaC1yc2EAAAADAQABAAABAQDI/73oA/KbTTd1EwUIxIFCK7cOCPo86071tvkxc7LT1JGtcmq14GjcFC7FOf83xEoHxIdmVY1FrlAWcppKHYAQqqLXleQwxgm0gzwy42Chv6vKW2DISIstIlI0PW5SBre54rMzrslOHXxaAdo4MeuU9XpzCy1cQ2Yq0dkRb5rqm7iBghGO0M9QhTUu6ouVqPbjsHhgkRcyuw3C7TZ9O13JweZWu0zODvMQOTXIFpwfhnNtnu3teby7+Zhn5sE/aG68SwB0MmD0D8lg4BvO+oiOf9hQr0Nf5QMTC2LdZD3jQpc280MjN54bnTvdJlkUmP6ERPxgktXO2SxxOTIlapMh root@ubuntu-xenial
-----END SSH HOST KEY KEYS-----
[   16.369734] cloud-init[1571]: Cloud-init v. 19.1-1-gbaa47854-0ubuntu1~16.04.1 running 'modules:final' at Fri, 02 Aug 2019 14:03:08 +0000. Up 16.19 seconds.
[   16.381110] cloud-init[1571]: ci-info: no authorized ssh keys fingerprints found for user ubuntu.
[   16.385733] cloud-init[1571]: Cloud-init v. 19.1-1-gbaa47854-0ubuntu1~16.04.1 finished at Fri, 02 Aug 2019 14:03:08 +0000. Datasource DataSourceNoCloud [seed=/dev/sdb][dsmode=net].  Up 16.35 seconds
[[0;32m  OK  [0m] Started Execute cloud user/final scripts.
[[0;32m  OK  [0m] Reached target Cloud-init target.

Ubuntu 16.04.6 LTS ubuntu-xenial ttyS0

ubuntu-xenial login: 