[    0.000000] Initializing cgroup subsys cpuset
[    0.000000] Initializing cgroup subsys cpu
[    0.000000] Initializing cgroup subsys cpuacct
[    0.000000] Linux version 4.4.0-157-generic (buildd@lgw01-amd64-037) (gcc version 5.4.0 20160609 (Ubuntu 5.4.0-6ubuntu1~16.04.10) ) #185-Ubuntu SMP Tue Jul 23 09:17:01 UTC 2019 (Ubuntu 4.4.0-157.185-generic 4.4.181)
[    0.000000] Command line: BOOT_IMAGE=/boot/vmlinuz-4.4.0-157-generic root=LABEL=cloudimg-rootfs ro console=tty1 console=ttyS0
[    0.000000] KERNEL supported cpus:
[    0.000000]   Intel GenuineIntel
[    0.000000]   AMD AuthenticAMD
[    0.000000]   Centaur CentaurHauls
[    0.000000] x86/fpu: xstate_offset[2]:  576, xstate_sizes[2]:  256
[    0.000000] x86/fpu: Supporting XSAVE feature 0x01: 'x87 floating point registers'
[    0.000000] x86/fpu: Supporting XSAVE feature 0x02: 'SSE registers'
[    0.000000] x86/fpu: Supporting XSAVE feature 0x04: 'AVX registers'
[    0.000000] x86/fpu: Enabled xstate features 0x7, context size is 832 bytes, using 'standard' format.
[    0.000000] e820: BIOS-provided physical RAM map:
[    0.000000] BIOS-e820: [mem 0x0000000000000000-0x000000000009fbff] usable
[    0.000000] BIOS-e820: [mem 0x000000000009fc00-0x000000000009ffff] reserved
[    0.000000] BIOS-e820: [mem 0x00000000000f0000-0x00000000000fffff] reserved
[    0.000000] BIOS-e820: [mem 0x0000000000100000-0x000000003ffeffff] usable
[    0.000000] BIOS-e820: [mem 0x000000003fff0000-0x000000003fffffff] ACPI data
[    0.000000] BIOS-e820: [mem 0x00000000fec00000-0x00000000fec00fff] reserved
[    0.000000] BIOS-e820: [mem 0x00000000fee00000-0x00000000fee00fff] reserved
[    0.000000] BIOS-e820: [mem 0x00000000fffc0000-0x00000000ffffffff] reserved
[    0.000000] NX (Execute Disable) protection: active
[    0.000000] SMBIOS 2.5 present.
[    0.000000] Hypervisor detected: KVM
[    0.000000] e820: last_pfn = 0x3fff0 max_arch_pfn = 0x400000000
[    0.000000] MTRR: Disabled
[    0.000000] x86/PAT: MTRRs disabled, skipping PAT initialization too.
[    0.000000] CPU MTRRs all blank - virtualized system.
[    0.000000] x86/PAT: Configuration [0-7]: WB  WT  UC- UC  WB  WT  UC- UC  
[    0.000000] found SMP MP-table at [mem 0x0009fff0-0x0009ffff] mapped at [ffff88000009fff0]
[    0.000000] Scanning 1 areas for low memory corruption
[    0.000000] RAMDISK: [mem 0x362fc000-0x37175fff]
[    0.000000] ACPI: Early table checksum verification disabled
[    0.000000] ACPI: RSDP 0x00000000000E0000 000024 (v02 VBOX  )
[    0.000000] ACPI: XSDT 0x000000003FFF0030 00003C (v01 VBOX   VBOXXSDT 00000001 ASL  00000061)
[    0.000000] ACPI: FACP 0x000000003FFF00F0 0000F4 (v04 VBOX   VBOXFACP 00000001 ASL  00000061)
[    0.000000] ACPI: DSDT 0x000000003FFF0470 0022EA (v02 VBOX   VBOXBIOS 00000002 INTL 20100528)
[    0.000000] ACPI: FACS 0x000000003FFF0200 000040
[    0.000000] ACPI: FACS 0x000000003FFF0200 000040
[    0.000000] ACPI: APIC 0x000000003FFF0240 00005C (v02 VBOX   VBOXAPIC 00000001 ASL  00000061)
[    0.000000] ACPI: SSDT 0x000000003FFF02A0 0001CC (v01 VBOX   VBOXCPUT 00000002 INTL 20100528)
[    0.000000] No NUMA configuration found
[    0.000000] Faking a node at [mem 0x0000000000000000-0x000000003ffeffff]
[    0.000000] NODE_DATA(0) allocated [mem 0x3ffeb000-0x3ffeffff]
[    0.000000] kvm-clock: Using msrs 4b564d01 and 4b564d00
[    0.000000] kvm-clock: cpu 0, msr 0:3ffe3001, primary cpu clock
[    0.000000] kvm-clock: using sched offset of 3904013123 cycles
[    0.000000] clocksource: kvm-clock: mask: 0xffffffffffffffff max_cycles: 0x1cd42e4dffb, max_idle_ns: 881590591483 ns
[    0.000000] Zone ranges:
[    0.000000]   DMA      [mem 0x0000000000001000-0x0000000000ffffff]
[    0.000000]   DMA32    [mem 0x0000000001000000-0x000000003ffeffff]
[    0.000000]   Normal   empty
[    0.000000]   Device   empty
[    0.000000] Movable zone start for each node
[    0.000000] Early memory node ranges
[    0.000000]   node   0: [mem 0x0000000000001000-0x000000000009efff]
[    0.000000]   node   0: [mem 0x0000000000100000-0x000000003ffeffff]
[    0.000000] Initmem setup node 0 [mem 0x0000000000001000-0x000000003ffeffff]
[    0.000000] ACPI: PM-Timer IO Port: 0x4008
[    0.000000] IOAPIC[0]: apic_id 2, version 32, address 0xfec00000, GSI 0-23
[    0.000000] ACPI: INT_SRC_OVR (bus 0 bus_irq 0 global_irq 2 dfl dfl)
[    0.000000] ACPI: INT_SRC_OVR (bus 0 bus_irq 9 global_irq 9 low level)
[    0.000000] Using ACPI (MADT) for SMP configuration information
[    0.000000] smpboot: Allowing 2 CPUs, 0 hotplug CPUs
[    0.000000] PM: Registered nosave memory: [mem 0x00000000-0x00000fff]
[    0.000000] PM: Registered nosave memory: [mem 0x0009f000-0x0009ffff]
[    0.000000] PM: Registered nosave memory: [mem 0x000a0000-0x000effff]
[    0.000000] PM: Registered nosave memory: [mem 0x000f0000-0x000fffff]
[    0.000000] e820: [mem 0x40000000-0xfebfffff] available for PCI devices
[    0.000000] Booting paravirtualized kernel on KVM
[    0.000000] clocksource: refined-jiffies: mask: 0xffffffff max_cycles: 0xffffffff, max_idle_ns: 7645519600211568 ns
[    0.000000] setup_percpu: NR_CPUS:512 nr_cpumask_bits:512 nr_cpu_ids:2 nr_node_ids:1
[    0.000000] PERCPU: Embedded 34 pages/cpu @ffff88003fc00000 s99544 r8192 d31528 u1048576
[    0.000000] Built 1 zonelists in Node order, mobility grouping on.  Total pages: 257912
[    0.000000] Policy zone: DMA32
[    0.000000] Kernel command line: BOOT_IMAGE=/boot/vmlinuz-4.4.0-157-generic root=LABEL=cloudimg-rootfs ro console=tty1 console=ttyS0
[    0.000000] PID hash table entries: 4096 (order: 3, 32768 bytes)
[    0.000000] Memory: 997736K/1048120K available (8618K kernel code, 1335K rwdata, 4032K rodata, 1484K init, 1284K bss, 50384K reserved, 0K cma-reserved)
[    0.000000] SLUB: HWalign=64, Order=0-3, MinObjects=0, CPUs=2, Nodes=1
[    0.000000] Kernel/User page tables isolation: enabled
[    0.000000] Hierarchical RCU implementation.
[    0.000000] 	Build-time adjustment of leaf fanout to 64.
[    0.000000] 	RCU restricting CPUs from NR_CPUS=512 to nr_cpu_ids=2.
[    0.000000] RCU: Adjusting geometry for rcu_fanout_leaf=64, nr_cpu_ids=2
[    0.000000] NR_IRQS:33024 nr_irqs:440 16
[    0.000000] Console: colour VGA+ 80x25
[    0.000000] console [tty1] enabled
[    0.000000] console [ttyS0] enabled
[    0.000000] tsc: Detected 2712.006 MHz processor
[    0.531579] Calibrating delay loop (skipped) preset value.. 5424.01 BogoMIPS (lpj=10848024)
[    0.533442] pid_max: default: 32768 minimum: 301
[    0.534353] ACPI: Core revision 20150930
[    0.536089] ACPI: 2 ACPI AML tables successfully acquired and loaded
[    0.537652] Security Framework initialized
[    0.538480] Yama: becoming mindful.
[    0.539415] AppArmor: AppArmor initialized
[    0.540382] Dentry cache hash table entries: 131072 (order: 8, 1048576 bytes)
[    0.547571] Inode-cache hash table entries: 65536 (order: 7, 524288 bytes)
[    0.549418] Mount-cache hash table entries: 2048 (order: 2, 16384 bytes)
[    0.551191] Mountpoint-cache hash table entries: 2048 (order: 2, 16384 bytes)
[    0.553071] Initializing cgroup subsys io
[    0.554159] Initializing cgroup subsys memory
[    0.555266] Initializing cgroup subsys devices
[    0.556254] Initializing cgroup subsys freezer
[    0.557238] Initializing cgroup subsys net_cls
[    0.558216] Initializing cgroup subsys perf_event
[    0.559267] Initializing cgroup subsys net_prio
[    0.560322] Initializing cgroup subsys hugetlb
[    0.561307] Initializing cgroup subsys pids
[    0.564138] mce: CPU supports 0 MCE banks
[    0.565281] Last level iTLB entries: 4KB 64, 2MB 8, 4MB 8
[    0.566582] Last level dTLB entries: 4KB 64, 2MB 0, 4MB 0, 1GB 4
[    0.568241] Spectre V2 : Mitigation: Full generic retpoline
[    0.569620] Spectre V2 : Spectre v2 / SpectreRSB mitigation: Filling RSB on context switch
[    0.571850] Speculative Store Bypass: Vulnerable
[    0.573215] MDS: Vulnerable: Clear CPU buffers attempted, no microcode
[    0.580709] Freeing SMP alternatives memory: 36K
[    0.592302] ftrace: allocating 32312 entries in 127 pages
[    0.698807] smpboot: APIC(0) Converting physical 0 to logical package 0
[    0.700756] smpboot: Max logical packages: 1
[    0.702472] x2apic enabled
[    0.703703] Switched APIC routing to physical x2apic.
[    0.706757] ..TIMER: vector=0x30 apic1=0 pin1=2 apic2=-1 pin2=-1
[    0.815595] APIC calibration not consistent with PM-Timer: 98ms instead of 100ms
[    0.817607] APIC delta adjusted to PM-Timer: 6244089 (6158214)
[    0.819151] smpboot: CPU0: Intel(R) Core(TM) i5-7200U CPU @ 2.50GHz (family: 0x6, model: 0x8e, stepping: 0x9)
[    0.821642] Performance Events: unsupported p6 CPU model 142 no PMU driver, software events only.
[    0.840010] KVM setup paravirtual spinlock
[    0.842237] x86: Booting SMP configuration:
[    0.843553] .... node  #0, CPUs:      #1
[    0.845141] kvm-clock: cpu 1, msr 0:3ffe3041, secondary cpu clock
[    0.847342] mce: CPU supports 0 MCE banks
[    0.850070] x86: Booted up 1 node, 2 CPUs
[    0.851339] smpboot: Total of 2 processors activated (10848.02 BogoMIPS)
[    0.853704] devtmpfs: initialized
[    0.856970] evm: security.selinux
[    0.857888] evm: security.SMACK64
[    0.858670] evm: security.SMACK64EXEC
[    0.859489] evm: security.SMACK64TRANSMUTE
[    0.860369] evm: security.SMACK64MMAP
[    0.861243] evm: security.ima
[    0.861926] evm: security.capability
[    0.862942] clocksource: jiffies: mask: 0xffffffff max_cycles: 0xffffffff, max_idle_ns: 7645041785100000 ns
[    0.864908] futex hash table entries: 512 (order: 3, 32768 bytes)
[    0.866300] pinctrl core: initialized pinctrl subsystem
[    0.867624] RTC time: 10:28:47, date: 07/30/19
[    0.868708] NET: Registered protocol family 16
[    0.882251] cpuidle: using governor ladder
[    0.895895] cpuidle: using governor menu
[    0.897021] PCCT header not found.
[    0.898007] ACPI: bus type PCI registered
[    0.899084] acpiphp: ACPI Hot Plug PCI Controller Driver version: 0.5
[    0.900965] PCI: Using configuration type 1 for base access
[    0.919007] ACPI: Added _OSI(Module Device)
[    0.920189] ACPI: Added _OSI(Processor Device)
[    0.921309] ACPI: Added _OSI(3.0 _SCP Extensions)
[    0.922529] ACPI: Added _OSI(Processor Aggregator Device)
[    0.925048] ACPI: Executed 1 blocks of module-level executable AML code
[    0.930482] ACPI: Interpreter enabled
[    0.931572] ACPI: (supports S0 S5)
[    0.932618] ACPI: Using IOAPIC for interrupt routing
[    0.934216] PCI: Using host bridge windows from ACPI; if necessary, use "pci=nocrs" and report a bug
[    0.946094] ACPI: PCI Root Bridge [PCI0] (domain 0000 [bus 00-ff])
[    0.948586] acpi PNP0A03:00: _OSC: OS supports [ASPM ClockPM Segments MSI]
[    0.952057] acpi PNP0A03:00: _OSC: not requesting OS control; OS requires [ExtendedConfig ASPM ClockPM MSI]
[    0.956206] acpi PNP0A03:00: fail to add MMCONFIG information, can't access extended PCI configuration space under this bridge.
[    0.961686] PCI host bridge to bus 0000:00
[    0.963477] pci_bus 0000:00: root bus resource [io  0x0000-0x0cf7 window]
[    0.966120] pci_bus 0000:00: root bus resource [io  0x0d00-0xffff window]
[    0.969281] pci_bus 0000:00: root bus resource [mem 0x000a0000-0x000bffff window]
[    0.972768] pci_bus 0000:00: root bus resource [mem 0x40000000-0xfdffffff window]
[    0.976442] pci_bus 0000:00: root bus resource [bus 00-ff]
[    0.983283] pci 0000:00:01.1: legacy IDE quirk: reg 0x10: [io  0x01f0-0x01f7]
[    0.986611] pci 0000:00:01.1: legacy IDE quirk: reg 0x14: [io  0x03f6]
[    0.989639] pci 0000:00:01.1: legacy IDE quirk: reg 0x18: [io  0x0170-0x0177]
[    1.013423] pci 0000:00:01.1: legacy IDE quirk: reg 0x1c: [io  0x0376]
[    1.046344] pci 0000:00:07.0: quirk: [io  0x4000-0x403f] claimed by PIIX4 ACPI
[    1.049393] pci 0000:00:07.0: quirk: [io  0x4100-0x410f] claimed by PIIX4 SMB
[    1.069692] ACPI: PCI Interrupt Link [LNKA] (IRQs 5 9 10 *11)
[    1.073188] ACPI: PCI Interrupt Link [LNKB] (IRQs 5 9 *10 11)
[    1.076374] ACPI: PCI Interrupt Link [LNKC] (IRQs 5 *9 10 11)
[    1.079493] ACPI: PCI Interrupt Link [LNKD] (IRQs 5 9 10 *11)
[    1.082686] ACPI: Enabled 2 GPEs in block 00 to 07
[    1.085659] vgaarb: setting as boot device: PCI:0000:00:02.0
[    1.087817] vgaarb: device added: PCI:0000:00:02.0,decodes=io+mem,owns=io+mem,locks=none
[    1.090942] vgaarb: loaded
[    1.092223] vgaarb: bridge control possible 0000:00:02.0
[    1.094590] SCSI subsystem initialized
[    1.096595] ACPI: bus type USB registered
[    1.098236] usbcore: registered new interface driver usbfs
[    1.100357] usbcore: registered new interface driver hub
[    1.102942] usbcore: registered new device driver usb
[    1.105445] PCI: Using ACPI for IRQ routing
[    1.107732] NetLabel: Initializing
[    1.109203] NetLabel:  domain hash size = 128
[    1.111047] NetLabel:  protocols = UNLABELED CIPSOv4
[    1.118398] NetLabel:  unlabeled traffic allowed by default
[    1.120189] amd_nb: Cannot enumerate AMD northbridges
[    1.121537] clocksource: Switched to clocksource kvm-clock
[    1.140508] AppArmor: AppArmor Filesystem Enabled
[    1.141919] pnp: PnP ACPI init
[    1.143824] pnp: PnP ACPI: found 3 devices
[    1.160169] clocksource: acpi_pm: mask: 0xffffff max_cycles: 0xffffff, max_idle_ns: 2085701024 ns
[    1.162139] NET: Registered protocol family 2
[    1.163312] TCP established hash table entries: 8192 (order: 4, 65536 bytes)
[    1.164769] TCP bind hash table entries: 8192 (order: 5, 131072 bytes)
[    1.166290] TCP: Hash tables configured (established 8192 bind 8192)
[    1.167747] UDP hash table entries: 512 (order: 2, 16384 bytes)
[    1.168963] UDP-Lite hash table entries: 512 (order: 2, 16384 bytes)
[    1.170443] NET: Registered protocol family 1
[    1.171534] pci 0000:00:00.0: Limiting direct PCI/PCI transfers
[    1.172810] pci 0000:00:01.0: Activating ISA DMA hang workarounds
[    1.174240] Unpacking initramfs...
[    1.616806] Freeing initrd memory: 14824K
[    1.618402] clocksource: tsc: mask: 0xffffffffffffffff max_cycles: 0x27178c274f7, max_idle_ns: 440795238189 ns
[    1.620809] platform rtc_cmos: registered platform RTC device (no PNP device found)
[    1.622544] Scanning for low memory corruption every 60 seconds
[    1.624058] audit: initializing netlink subsys (disabled)
[    1.625246] audit: type=2000 audit(1564482533.699:1): initialized
[    1.626814] Initialise system trusted keyring
[    1.628085] HugeTLB registered 2 MB page size, pre-allocated 0 pages
[    1.631642] zbud: loaded
[    1.632960] VFS: Disk quotas dquot_6.6.0
[    1.634199] VFS: Dquot-cache hash table entries: 512 (order 0, 4096 bytes)
[    1.635922] squashfs: version 4.0 (2009/01/31) Phillip Lougher
[    1.637772] fuse init (API version 7.23)
[    1.638851] Key type big_key registered
[    1.639818] Allocating IMA MOK and blacklist keyrings.
[    1.644692] Key type asymmetric registered
[    1.645655] Asymmetric key parser 'x509' registered
[    1.646773] Block layer SCSI generic (bsg) driver version 0.4 loaded (major 249)
[    1.648765] io scheduler noop registered
[    1.649748] io scheduler deadline registered (default)
[    1.650856] io scheduler cfq registered
[    1.651772] pci_hotplug: PCI Hot Plug PCI Core version: 0.5
[    1.652859] pciehp: PCI Express Hot Plug Controller Driver version: 0.4
[    1.654280] ACPI: AC Adapter [AC] (off-line)
[    1.655214] input: Power Button as /devices/LNXSYSTM:00/LNXPWRBN:00/input/input0
[    1.656698] ACPI: Power Button [PWRF]
[    1.657570] input: Sleep Button as /devices/LNXSYSTM:00/LNXSLPBN:00/input/input1
[    1.659275] ACPI: Sleep Button [SLPF]
[    1.660266] GHES: HEST is not enabled!
[    1.661830] Serial: 8250/16550 driver, 32 ports, IRQ sharing enabled
[    1.661838] ACPI: Battery Slot [BAT0] (battery present)
[    1.685044] 00:02: ttyS0 at I/O 0x3f8 (irq = 4, base_baud = 115200) is a 16550A
[    1.694103] Linux agpgart interface v0.103
[    1.699111] loop: module loaded
[    1.700801] scsi host0: ata_piix
[    1.702016] scsi host1: ata_piix
[    1.703093] ata1: PATA max UDMA/33 cmd 0x1f0 ctl 0x3f6 bmdma 0xd000 irq 14
[    1.704636] ata2: PATA max UDMA/33 cmd 0x170 ctl 0x376 bmdma 0xd008 irq 15
[    1.706722] libphy: Fixed MDIO Bus: probed
[    1.707807] tun: Universal TUN/TAP device driver, 1.6
[    1.708857] tun: (C) 1999-2004 Max Krasnyansky <maxk@qualcomm.com>
[    1.710509] PPP generic driver version 2.4.2
[    1.712058] ehci_hcd: USB 2.0 'Enhanced' Host Controller (EHCI) Driver
[    1.713968] ehci-pci: EHCI PCI platform driver
[    1.715244] ehci-platform: EHCI generic platform driver
[    1.716672] ohci_hcd: USB 1.1 'Open' Host Controller (OHCI) Driver
[    1.718548] ohci-pci: OHCI PCI platform driver
[    1.719648] ohci-platform: OHCI generic platform driver
[    1.720932] uhci_hcd: USB Universal Host Controller Interface driver
[    1.722395] i8042: PNP: PS/2 Controller [PNP0303:PS2K,PNP0f03:PS2M] at 0x60,0x64 irq 1,12
[    1.725218] serio: i8042 KBD port at 0x60,0x64 irq 1
[    1.726537] serio: i8042 AUX port at 0x60,0x64 irq 12
[    1.728314] mousedev: PS/2 mouse device common for all mice
[    1.729997] input: AT Translated Set 2 keyboard as /devices/platform/i8042/serio0/input/input2
[    1.732455] rtc_cmos rtc_cmos: rtc core: registered rtc_cmos as rtc0
[    1.734004] rtc_cmos rtc_cmos: alarms up to one day, 114 bytes nvram
[    1.735247] i2c /dev entries driver
[    1.736118] device-mapper: uevent: version 1.0.3
[    1.737266] device-mapper: ioctl: 4.34.0-ioctl (2015-10-28) initialised: dm-devel@redhat.com
[    1.739309] ledtrig-cpu: registered to indicate activity on CPUs
[    1.741101] NET: Registered protocol family 10
[    1.742331] NET: Registered protocol family 17
[    1.743368] Key type dns_resolver registered
[    1.745127] registered taskstats version 1
[    1.746148] Loading compiled-in X.509 certificates
[    1.747942] Loaded X.509 cert 'Build time autogenerated kernel key: 3e01e6df98386236d59670e6b2ed19a044d5324e'
[    1.750034] zswap: loaded using pool lzo/zbud
[    1.754632] Key type trusted registered
[    1.761917] Key type encrypted registered
[    1.762959] AppArmor: AppArmor sha1 policy hashing enabled
[    1.764022] ima: No TPM chip found, activating TPM-bypass!
[    1.765156] ima: Allocated hash algorithm: sha1
[    1.766171] evm: HMAC attrs: 0x1
[    1.767389]   Magic number: 11:247:478
[    1.768222] rtc rtc0: hash matches
[    1.769352] rtc_cmos rtc_cmos: setting system clock to 2019-07-30 10:28:48 UTC (1564482528)
[    1.771390] BIOS EDD facility v0.16 2004-Jun-25, 0 devices found
[    1.772527] EDD information not available.
[    1.863386] Freeing unused kernel memory: 1484K
[    1.864333] Write protecting the kernel read-only data: 14336k
[    1.865771] Freeing unused kernel memory: 1612K
[    1.866794] Freeing unused kernel memory: 64K
Loading, please wait...
starting version 229
[    1.894465] random: systemd-udevd: uninitialized urandom read (16 bytes read, 3 bits of entropy available)
[    1.895111] random: udevadm: uninitialized urandom read (16 bytes read, 3 bits of entropy available)
[    1.895133] random: udevadm: uninitialized urandom read (16 bytes read, 3 bits of entropy available)
[    1.902033] random: systemd-udevd: uninitialized urandom read (16 bytes read, 3 bits of entropy available)
[    1.903485] random: udevadm: uninitialized urandom read (16 bytes read, 3 bits of entropy available)
[    1.903560] random: udevadm: uninitialized urandom read (16 bytes read, 3 bits of entropy available)
[    1.903784] random: udevadm: uninitialized urandom read (16 bytes read, 3 bits of entropy available)
[    1.903864] random: udevadm: uninitialized urandom read (16 bytes read, 3 bits of entropy available)
[    1.903940] random: udevadm: uninitialized urandom read (16 bytes read, 3 bits of entropy available)
[    1.904029] random: udevadm: uninitialized urandom read (16 bytes read, 3 bits of entropy available)
[    1.974037] Fusion MPT base driver 3.04.20
[    1.974889] Copyright (c) 1999-2008 LSI Corporation
[    1.977562] e1000: Intel(R) PRO/1000 Network Driver - version 7.3.21-k8-NAPI
[    1.979481] e1000: Copyright (c) 1999-2006 Intel Corporation.
[    1.999758] Fusion MPT SPI Host driver 3.04.20
[    2.006671] AVX2 version of gcm_enc/dec engaged.
[    2.008903] AES CTR mode by8 optimization enabled
[    2.176780] input: ImExPS/2 Generic Explorer Mouse as /devices/platform/i8042/serio1/input/input4
[    2.420880] e1000 0000:00:03.0 eth0: (PCI:33MHz:32-bit) 02:c2:66:bb:16:6d
[    2.422291] e1000 0000:00:03.0 eth0: Intel(R) PRO/1000 Network Connection
[    2.848735] e1000 0000:00:08.0 eth1: (PCI:33MHz:32-bit) 08:00:27:2e:a5:92
[    2.850285] e1000 0000:00:08.0 eth1: Intel(R) PRO/1000 Network Connection
[    2.853444] e1000 0000:00:03.0 enp0s3: renamed from eth0
[    2.856564] mptbase: ioc0: Initiating bringup
[    2.870638] e1000 0000:00:08.0 enp0s8: renamed from eth1
[    3.084638] ioc0: LSI53C1030 A0: Capabilities={Initiator}
[    3.594379] scsi host2: ioc0: LSI53C1030 A0, FwRev=00000000h, Ports=1, MaxQ=256, IRQ=20
[    4.078278] scsi 2:0:0:0: Direct-Access     VBOX     HARDDISK         1.0  PQ: 0 ANSI: 5
[    4.084053] scsi target2:0:0: Beginning Domain Validation
[    4.090463] scsi target2:0:0: Domain Validation skipping write tests
[    4.094545] scsi target2:0:0: Ending Domain Validation
[    4.098156] scsi target2:0:0: asynchronous
[    4.102248] scsi 2:0:1:0: Direct-Access     VBOX     HARDDISK         1.0  PQ: 0 ANSI: 5
[    4.126602] scsi target2:0:1: Beginning Domain Validation
[    4.130021] scsi target2:0:1: Domain Validation skipping write tests
[    4.132242] scsi target2:0:1: Ending Domain Validation
[    4.134629] scsi target2:0:1: asynchronous
[    4.145281] sd 2:0:0:0: [sda] 20971520 512-byte logical blocks: (10.7 GB/10.0 GiB)
[    4.147567] sd 2:0:0:0: Attached scsi generic sg0 type 0
[    4.148931] sd 2:0:0:0: [sda] Write Protect is off
[    4.150520] sd 2:0:0:0: [sda] Incomplete mode parameter data
[    4.151944] sd 2:0:0:0: [sda] Assuming drive cache: write through
[    4.154169] sd 2:0:1:0: [sdb] 20480 512-byte logical blocks: (10.5 MB/10.0 MiB)
[    4.154328] sd 2:0:1:0: Attached scsi generic sg1 type 0
[    4.157661] sd 2:0:1:0: [sdb] Write Protect is off
[    4.158502]  sda: sda1
[    4.159978] sd 2:0:1:0: [sdb] Incomplete mode parameter data
[    4.160257] sd 2:0:0:0: [sda] Attached SCSI disk
[    4.162237] sd 2:0:1:0: [sdb] Assuming drive cache: write through
[    4.169465] sd 2:0:1:0: [sdb] Attached SCSI disk
Begin: Loading essential drivers ... [    5.735683] md: linear personality registered for level -1
[    5.740122] md: multipath personality registered for level -4
[    5.743619] md: raid0 personality registered for level 0
[    5.749532] md: raid1 personality registered for level 1
[    5.821653] raid6: sse2x1   gen()  7001 MB/s
[    5.889594] raid6: sse2x1   xor()  4846 MB/s
[    5.957890] raid6: sse2x2   gen()  7638 MB/s
[    6.025554] raid6: sse2x2   xor()  5377 MB/s
[    6.093590] raid6: sse2x4   gen()  8918 MB/s
[    6.162135] raid6: sse2x4   xor()  5930 MB/s
[    6.229817] raid6: avx2x1   gen() 11538 MB/s
[    6.298108] raid6: avx2x2   gen() 13166 MB/s
[    6.366108] raid6: avx2x4   gen() 19639 MB/s
[    6.367113] raid6: using algorithm avx2x4 gen() 19639 MB/s
[    6.368346] raid6: using avx2x2 recovery algorithm
[    6.371056] xor: automatically using best checksumming function:
[    6.409588]    avx       : 16793.000 MB/sec
[    6.413053] async_tx: api initialized (async)
[    6.427330] md: raid6 personality registered for level 6
[    6.428777] md: raid5 personality registered for level 5
[    6.430178] md: raid4 personality registered for level 4
[    6.441662] md: raid10 personality registered for level 10
done.
Begin: Running /scripts/init-premount ... done.
Begin: Mounting root file system ... Begin: Running /scripts/local-top ... done.
Begin: Running /scripts/local-premount ... [    6.490567] Btrfs loaded
Scanning for Btrfs filesystems
done.
Warning: fsck not present, so skipping root file system
[    6.543430] EXT4-fs (sda1): mounted filesystem with ordered data mode. Opts: (null)
done.
Begin: Running /scripts/local-bottom ... done.
Begin: Running /scripts/init-bottom ... done.
[    6.733474] systemd[1]: systemd 229 running in system mode. (+PAM +AUDIT +SELINUX +IMA +APPARMOR +SMACK +SYSVINIT +UTMP +LIBCRYPTSETUP +GCRYPT +GNUTLS +ACL +XZ -LZ4 +SECCOMP +BLKID +ELFUTILS +KMOD -IDN)
[    6.741871] systemd[1]: Detected virtualization oracle.
[    6.744240] systemd[1]: Detected architecture x86-64.

Welcome to [1mUbuntu 16.04.6 LTS[0m!

[    6.758726] systemd[1]: Set hostname to <ubuntu>.
[    6.766366] systemd[1]: Initializing machine ID from random generator.
[    6.770325] systemd[1]: Installed transient /etc/machine-id file.
[    7.142304] systemd[1]: Listening on Journal Socket (/dev/log).
[[0;32m  OK  [0m] Listening on Journal Socket (/dev/log).
[    7.148475] systemd[1]: Reached target System Time Synchronized.
[[0;32m  OK  [0m] Reached target System Time Synchronized.
[    7.156185] systemd[1]: Listening on udev Kernel Socket.
[[0;32m  OK  [0m] Listening on udev Kernel Socket.
[    7.169971] systemd[1]: Reached target Swap.
[[0;32m  OK  [0m] Reached target Swap.
[    7.174980] systemd[1]: Set up automount Arbitrary Executable File Formats File System Automount Point.
[[0;32m  OK  [0m] Set up automount Arbitrary Executab...ats File System Automount Point.
[    7.184086] systemd[1]: Listening on Device-mapper event daemon FIFOs.
[[0;32m  OK  [0m] Listening on Device-mapper event daemon FIFOs.
[    7.189988] systemd[1]: Started Forward Password Requests to Wall Directory Watch.
[[0;32m  OK  [0m] Started Forward Password Requests to Wall Directory Watch.
[    7.196970] systemd[1]: Created slice System Slice.
[[0;32m  OK  [0m] Created slice System Slice.
[    7.202543] systemd[1]: Listening on Syslog Socket.
[[0;32m  OK  [0m] Listening on Syslog Socket.
[    7.207083] systemd[1]: Listening on udev Control Socket.
[[0;32m  OK  [0m] Listening on udev Control Socket.
[    7.218875] systemd[1]: Listening on LVM2 poll daemon socket.
[[0;32m  OK  [0m] Listening on LVM2 poll daemon socket.
[    7.224266] systemd[1]: Listening on LVM2 metadata daemon socket.
[[0;32m  OK  [0m] Listening on LVM2 metadata daemon socket.
[    7.229446] systemd[1]: Reached target Encrypted Volumes.
[[0;32m  OK  [0m] Reached target Encrypted Volumes.
[    7.234275] systemd[1]: Started Trigger resolvconf update for networkd DNS.
[[0;32m  OK  [0m] Started Trigger resolvconf update for networkd DNS.
[    7.239660] systemd[1]: Reached target User and Group Name Lookups.
[[0;32m  OK  [0m] Reached target User and Group Name Lookups.
[    7.244764] systemd[1]: Listening on /dev/initctl Compatibility Named Pipe.
[[0;32m  OK  [0m] Listening on /dev/initctl Compatibility Named Pipe.
[    7.259455] systemd[1]: Created slice User and Session Slice.
[[0;32m  OK  [0m] Created slice User and Session Slice.
[    7.270329] systemd[1]: Reached target Slices.
[[0;32m  OK  [0m] Reached target Slices.
[    7.275383] systemd[1]: Listening on Journal Audit Socket.
[[0;32m  OK  [0m] Listening on Journal Audit Socket.
[    7.281032] systemd[1]: Created slice system-serial\x2dgetty.slice.
[[0;32m  OK  [0m] Created slice system-serial\x2dgetty.slice.
[    7.287075] systemd[1]: Listening on Journal Socket.
[[0;32m  OK  [0m] Listening on Journal Socket.
[    7.318844] systemd[1]: Starting Nameserver information manager...
         Starting Nameserver information manager...
[    7.329873] systemd[1]: Starting Journal Service...
         Starting Journal Service...
[    7.343309] systemd[1]: Starting Remount Root and Kernel File Systems...
         Starting Remount Root and Kernel File Systems...
[    7.359453] EXT4-fs (sda1): re-mounted. Opts: (null)
[    7.360291] systemd[1]: Starting Uncomplicated firewall...
         Starting Uncomplicated firewall...
[    7.385733] systemd[1]: Mounting Debug File System...
         Mounting Debug File System...
[    7.392155] systemd[1]: Starting Create list of required static device nodes for the current kernel...
         Starting Create list of required st... nodes for the current kernel...
[    7.408322] systemd[1]: Mounting POSIX Message Queue File System...
         Mounting POSIX Message Queue File System...
[    7.428612] systemd[1]: Starting Load Kernel Modules...
         Starting Load Kernel Modules...
[    7.432519] systemd[1]: Mounting Huge Pages File System...
         Mounting Huge Pages File System...
[    7.439035] systemd[1]: Starting Set console keymap...
         [    7.441129] Loading iSCSI transport class v2.0-870.
Starting Set console keymap...
[    7.450505] systemd[1]: Starting Monitoring of LVM2 mirrors, snapshots etc. using dmeventd or progress polling...
         Starting Monitoring of LVM2 mirrors... dmeventd or progress polling...
[    7.454439] iscsi: registered transport (tcp)
[    7.464584] systemd[1]: Mounted Huge Pages File System.
[[0;32m  OK  [0m] Mounted Huge Pages File System.
[    7.469515] systemd[1]: Mounted Debug File System.
[[0;32m  OK  [0m] Mounted Debug File System.
[    7.483792] systemd[1]: Mounted POSIX Message Queue File System.
[[0;32m  OK  [0m] Mounted POSIX Message Queue File System.
[    7.489943] systemd[1]: Started Journal Service.
[[0;32m  OK  [0m] Started Journal Service.
[[0;32m  OK  [0m] Started Remount Root and Kernel File Systems.
[[0;32m  OK  [0m] Started Uncomplicated firewall.
[[0;32m  OK  [0m] Started Create list of required sta...ce nodes for the current kernel.
[[0;32m  OK  [0m] Started Nameserver information manager.
[[0;32m  OK  [0m] Started Set console keymap.
[    7.568219] iscsi: registered transport (iser)
[[0;32m  OK  [0m] Started Load Kernel Modules.
         Starting Apply Kernel Variables...
         Mounting FUSE Control File System...
[[0;32m  OK  [0m] Started LVM2 metadata daemon.
         Starting Create Static Device Nodes in /dev...
         Starting udev Coldplug all Devices...
         Starting Load/Save Random Seed...
         Starting Flush Journal to Persistent Storage...
[[0;32m  OK  [0m] Mounted FUSE Control File System.
[[0;32m  OK  [0m] Started Apply Kernel Variables.
[[0;32m  OK  [0m] Started Load/Save Random Seed.
[[0;32m  OK  [0m] Started Create Static Device Nodes in /dev.
[[0;32m  OK  [0m] Started udev Coldplug all Devices.
[[0;32m  OK  [0m] Started Flush Journal to Persistent Storage.
         Starting udev Kernel Device Manager...
[[0;32m  OK  [0m] Started udev Kernel Device Manager.
[[0;32m  OK  [0m] Started Dispatch Password Requests to Console Directory Watch.
[[0;32m  OK  [0m] Started Monitoring of LVM2 mirrors,...ng dmeventd or progress polling.
[[0;32m  OK  [0m] Reached target Local File Systems (Pre).
[[0;32m  OK  [0m] Reached target Local File Systems.
         Starting LSB: AppArmor initialization...
         Starting Create Volatile Files and Directories...
         Starting Commit a transient machine-id on disk...
         Starting Tell Plymouth To Write Out Runtime Data...
         Starting Initial cloud-init job (pre-networking)...
         Starting Set console font and keymap...
[[0;32m  OK  [0m] Started Tell Plymouth To Write Out Runtime Data.
[[0;32m  OK  [0m] Started Create Volatile Files and Directories.
[[0;32m  OK  [0m] Started Commit a transient machine-id on disk.
         Starting Update UTMP about System Boot/Shutdown...
[[0;32m  OK  [0m] Started Update UTMP about System Boot/Shutdown.
[[0;32m  OK  [0m] Found device /dev/ttyS0.
[[0;32m  OK  [0m] Listening on Load/Save RF Kill Switch Status /dev/rfkill Watch.
[    9.104627] cloud-init[493]: Cloud-init v. 19.1-1-gbaa47854-0ubuntu1~16.04.1 running 'init-local' at Tue, 30 Jul 2019 10:28:56 +0000. Up 8.61 seconds.
[[0;32m  OK  [0m] Started Initial cloud-init job (pre-networking).
[[0;32m  OK  [0m] Started LSB: AppArmor initialization.
[[0;32m  OK  [0m] Reached target Network (Pre).
         Starting Raise network interfaces...
[[0;32m  OK  [0m] Started Set console font and keymap.
[[0;32m  OK  [0m] Created slice system-getty.slice.
[[0;32m  OK  [0m] Started Raise network interfaces.
         Starting Initial cloud-init job (metadata service crawler)...
[[0;32m  OK  [0m] Reached target Network.
[   11.599571] cloud-init[971]: Cloud-init v. 19.1-1-gbaa47854-0ubuntu1~16.04.1 running 'init' at Tue, 30 Jul 2019 10:28:58 +0000. Up 10.71 seconds.
[   11.602839] cloud-init[971]: ci-info: ++++++++++++++++++++++++++++++++++++++Net device info+++++++++++++++++++++++++++++++++++++++
[   11.605408] cloud-init[971]: ci-info: +--------+-------+----------------------------+---------------+--------+-------------------+
[   11.608179] cloud-init[971]: ci-info: | Device |   Up  |          Address           |      Mask     | Scope  |     Hw-Address    |
[   11.610723] cloud-init[971]: ci-info: +--------+-------+----------------------------+---------------+--------+-------------------+
[   11.613790] cloud-init[971]: ci-info: | enp0s3 |  True |         10.0.2.15          | 255.255.255.0 | global | 02:c2:66:bb:16:6d |
[   11.615819] cloud-init[971]: ci-info: | enp0s3 |  True | fe80::c2:66ff:febb:166d/64 |       .       |  link  | 02:c2:66:bb:16:6d |
[   11.617759] cloud-init[971]: ci-info: | enp0s8 | False |             .              |       .       |   .    | 08:00:27:2e:a5:92 |
[   11.619868] cloud-init[971]: ci-info: |   lo   |  True |         127.0.0.1          |   255.0.0.0   |  host  |         .         |
[   11.621749] cloud-init[971]: ci-info: |   lo   |  True |          ::1/128           |       .       |  host  |         .         |
[   11.623740] cloud-init[971]: ci-info: +--------+-------+----------------------------+---------------+--------+-------------------+
[   11.625777] cloud-init[971]: ci-info: +++++++++++++++++++++++++++Route IPv4 info++++++++++++++++++++++++++++
[   11.627709] cloud-init[971]: ci-info: +-------+-------------+----------+---------------+-----------+-------+
[   11.636496] cloud-init[971]: ci-info: | Route | Destination | Gateway  |    Genmask    | Interface | Flags |
[   11.638373] cloud-init[971]: ci-info: +-------+-------------+----------+---------------+-----------+-------+
[   11.640425] cloud-init[971]: ci-info: |   0   |   0.0.0.0   | 10.0.2.2 |    0.0.0.0    |   enp0s3  |   UG  |
[   11.642501] cloud-init[971]: ci-info: |   1   |   10.0.2.0  | 0.0.0.0  | 255.255.255.0 |   enp0s3  |   U   |
[   11.644723] cloud-init[971]: ci-info: +-------+-------------+----------+---------------+-----------+-------+
[   11.646606] cloud-init[971]: ci-info: +++++++++++++++++++Route IPv6 info+++++++++++++++++++
[   11.649088] cloud-init[971]: ci-info: +-------+-------------+---------+-----------+-------+
[   11.650700] cloud-init[971]: ci-info: | Route | Destination | Gateway | Interface | Flags |
[   11.652409] cloud-init[971]: ci-info: +-------+-------------+---------+-----------+-------+
[   11.654075] cloud-init[971]: ci-info: |   0   |  fe80::/64  |    ::   |   enp0s3  |   U   |
[   11.655743] cloud-init[971]: ci-info: |   3   |   ff00::/8  |    ::   |   enp0s3  |   U   |
[   11.657345] cloud-init[971]: ci-info: +-------+-------------+---------+-----------+-------+
[   11.658983] cloud-init[971]: Generating public/private rsa key pair.
[   11.660450] cloud-init[971]: Your identification has been saved in /etc/ssh/ssh_host_rsa_key.
[   11.661992] cloud-init[971]: Your public key has been saved in /etc/ssh/ssh_host_rsa_key.pub.
[   11.663632] cloud-init[971]: The key fingerprint is:
[   11.664743] cloud-init[971]: SHA256:GnRP9f0YysdMKkHXoZ9IRbXmcp80UlJeeuwLIoVrZYs root@ubuntu-xenial
[   11.666498] cloud-init[971]: The key's randomart image is:
[   11.667764] cloud-init[971]: +---[RSA 2048]----+
[   11.668956] cloud-init[971]: |          . oo++o|
[   11.670062] cloud-init[971]: |         ..o +++o|
[   11.671304] cloud-init[971]: |      . ..o+o.==+|
[   11.672461] cloud-init[971]: |     . . o*+.O=*.|
[   11.673586] cloud-init[971]: |      . SEoo=+B=o|
[   11.674626] cloud-init[971]: |       o. ....* =|
[   11.675756] cloud-init[971]: |      .        o.|
[   11.676820] cloud-init[971]: |                 |
[   11.678101] cloud-init[971]: |                 |
[   11.679340] cloud-init[971]: +----[SHA256]-----+
[   11.680383] cloud-init[971]: Generating public/private dsa key pair.
[   11.681960] cloud-init[971]: Your identification has been saved in /etc/ssh/ssh_host_dsa_key.
[   11.684466] cloud-init[971]: Your public key has been saved in /etc/ssh/ssh_host_dsa_key.pub.
[   11.686519] cloud-init[971]: The key fingerprint is:
[   11.687895] cloud-init[971]: SHA256:JABti/1X2nwN6tBUDvQx02yeD2rOK86GDlpts1qnlDg root@ubuntu-xenial
[   11.689833] cloud-init[971]: The key's randomart image is:
[   11.691111] cloud-init[971]: +---[DSA 1024]----+
[   11.692515] cloud-init[971]: |  .o.    .. +o   |
[   11.694098] cloud-init[971]: |    o.    ...++  |
[   11.695204] cloud-init[971]: |   + .. .  +.o . |
[   11.696401] cloud-init[971]: |  . o  o  o o +  |
[   11.697853] cloud-init[971]: |     .  SB . + o |
[   11.699145] cloud-init[971]: |      .o+.= + . .|
[   11.700696] cloud-init[971]: |      E.B+.=     |
[   11.701906] cloud-init[971]: |     o *.*+ o    |
[   11.703184] cloud-init[971]: |    . .o+oo...   |
[   11.704596] cloud-init[971]: +----[SHA256]-----+
[   11.705816] cloud-init[971]: Generating public/private ecdsa key pair.
[   11.707531] cloud-init[971]: Your identification has been saved in /etc/ssh/ssh_host_ecdsa_key.
[   11.709729] cloud-init[971]: Your public key has been saved in /etc/ssh/ssh_host_ecdsa_key.pub.
[   11.711901] cloud-init[971]: The key fingerprint is:
[   11.713565] cloud-init[971]: SHA256:pGO47nTdzfkWv3Vx1qm8rfxxzKu4sTfz32uSX3sLt9o root@ubuntu-xenial
[   11.715527] cloud-init[971]: The key's randomart image is:
[   11.716956] cloud-init[971]: +---[ECDSA 256]---+
[   11.718279] cloud-init[971]: |                 |
[   11.719499] cloud-init[971]: |                 |
[   11.720742] cloud-init[971]: |        .        |
[   11.722034] cloud-init[971]: |     . o        o|
[   11.723415] cloud-init[971]: |    . + S      o+|
[   11.724738] cloud-init[971]: |     o o . o..o+o|
[   11.726097] cloud-init[971]: |    o . . ..++.=B|
[   11.727603] cloud-init[971]: |   o .      =BB.&|
[   11.728899] cloud-init[971]: |   .o      +oB&EO|
[   11.730054] cloud-init[971]: +----[SHA256]-----+
[   11.731182] cloud-init[971]: Generating public/private ed25519 key pair.
[   11.732492] cloud-init[971]: Your identification has been saved in /etc/ssh/ssh_host_ed25519_key.
[   11.735020] cloud-init[971]: Your public key has been saved in /etc/ssh/ssh_host_ed25519_key.pub.
[   11.736723] cloud-init[971]: The key fingerprint is:
[   11.738049] cloud-init[971]: SHA256:e7uVu6lskb5BO3sEpTVJQfi3TqQn6wEsvlzuFc2IXSk root@ubuntu-xenial
[   11.739983] cloud-init[971]: The key's randomart image is:
[   11.741485] cloud-init[971]: +--[ED25519 256]--+
[   11.742726] cloud-init[971]: |           ++o   |
[   11.748741] cloud-init[971]: |          . =  . |
[   11.756681] cloud-init[971]: |           =E.o  |
[   11.757905] cloud-init[971]: |         .oo.*o  |
[   11.759074] cloud-init[971]: |        S =o++o. |
[   11.760210] cloud-init[971]: |       . +oo+o+  |
[   11.762241] cloud-init[971]: |        o.*o=*   |
[   11.763289] cloud-init[971]: |       . *oBo+.  |
[   11.764403] cloud-init[971]: |        ooX*=.   |
[   11.765899] cloud-init[971]: +----[SHA256]-----+
[[0;32m  OK  [0m] Started Initial cloud-init job (metadata service crawler).
[[0;32m  OK  [0m] Reached target Cloud-config availability.
[[0;32m  OK  [0m] Reached target Network is Online.
         Starting iSCSI initiator daemon (iscsid)...
[[0;32m  OK  [0m] Reached target System Initialization.
         Starting Socket activation for snappy daemon.
         Starting LXD - unix socket.
[[0;32m  OK  [0m] Listening on ACPID Listen Socket.
[[0;32m  OK  [0m] Started ACPI Events Check.
[[0;32m  OK  [0m] Reached target Paths.
[[0;32m  OK  [0m] Started Daily Cleanup of Temporary Directories.
[[0;32m  OK  [0m] Listening on UUID daemon activation socket.
[[0;32m  OK  [0m] Listening on D-Bus System Message Bus Socket.
[[0;32m  OK  [0m] Started Daily apt download activities.
[[0;32m  OK  [0m] Started Daily apt upgrade and clean activities.
[[0;32m  OK  [0m] Reached target Timers.
[[0;32m  OK  [0m] Listening on Socket activation for snappy daemon.
[[0;32m  OK  [0m] Listening on LXD - unix socket.
[[0;32m  OK  [0m] Started iSCSI initiator daemon (iscsid).
         Starting Login to default iSCSI targets...
[[0;32m  OK  [0m] Reached target Sockets.
[[0;32m  OK  [0m] Reached target Basic System.
         Starting LSB: MD monitoring daemon...
[[0;32m  OK  [0m] Started FUSE filesystem for LXC.
         Starting Virtualbox guest utils...
[[0;32m  OK  [0m] Started D-Bus System Message Bus.
         Starting /etc/rc.local Compatibility...
         Starting Accounts Service...
[[0;32m  OK  [0m] Started Regular background program processing daemon.
[[0;32m  OK  [0m] Started ACPI event daemon.
         Starting LSB: Record successful boot for GRUB...
         Starting Login Service...
         Starting LXD - container startup/shutdown...
         Starting System Logging Service...
[[0;32m  OK  [0m] Started Deferred execution scheduler.
         Starting Pollinate to seed the pseudo random number generator...
         Starting Snappy daemon...
[[0;32m  OK  [0m] Started /etc/rc.local Compatibility.
[[0;32m  OK  [0m] Started System Logging Service.
[[0;32m  OK  [0m] Started Login to default iSCSI targets.
[[0;32m  OK  [0m] Started LSB: MD monitoring daemon.
[[0;32m  OK  [0m] Started Login Service.
[[0;32m  OK  [0m] Started Unattended Upgrades Shutdown.
         Starting Authenticate and Authorize Users to Run Privileged Tasks...
[[0;32m  OK  [0m] Reached target Remote File Systems (Pre).
[[0;32m  OK  [0m] Reached target Remote File Systems.
         Starting LSB: automatic crash report generation...
         Starting LSB: daemon to balance interrupts for SMP systems...
         Starting LSB: Set the CPU Frequency Scaling governor to "ondemand"...
         Starting Permit User Sessions...
[[0;32m  OK  [0m] Started LSB: Record successful boot for GRUB.
[[0;32m  OK  [0m] Started Permit User Sessions.
         Starting Terminate Plymouth Boot Screen...
         Starting Hold until boot process finishes up...
[[0;32m  OK  [0m] Started LXD - container startup/shutdown.
[[0;32m  OK  [0m] Started Hold until boot process finishes up.
[[0;32m  OK  [0m] Started Terminate Plymouth Boot Screen.
[[0;32m  OK  [0m] Started LSB: Set the CPU Frequency Scaling governor to "ondemand".
[[0;32m  OK  [0m] Started Getty on tty1.
[[0;32m  OK  [0m] Started Serial Getty on ttyS0.
[[0;32m  OK  [0m] Reached target Login Prompts.
         Starting Set console scheme...
[[0;32m  OK  [0m] Started Virtualbox guest utils.
[[0;32m  OK  [0m] Started LSB: automatic crash report generation.
[[0;32m  OK  [0m] Started LSB: daemon to balance interrupts for SMP systems.
[[0;32m  OK  [0m] Started Authenticate and Authorize Users to Run Privileged Tasks.
[[0;32m  OK  [0m] Started Set console scheme.
[[0;32m  OK  [0m] Started Accounts Service.
[[0;32m  OK  [0m] Started Snappy daemon.
         Starting Wait until snapd is fully seeded...
[[0;32m  OK  [0m] Started Pollinate to seed the pseudo random number generator.
         Starting OpenBSD Secure Shell server...
[[0;32m  OK  [0m] Started OpenBSD Secure Shell server.
[[0;32m  OK  [0m] Created slice User Slice of vagrant.
         Starting User Manager for UID 1000...
[[0;32m  OK  [0m] Started Session 1 of user vagrant.
[[0;32m  OK  [0m] Started User Manager for UID 1000.
[[0;32m  OK  [0m] Started Wait until snapd is fully seeded.
         Starting Apply the settings specified in cloud-config...
[[0;32m  OK  [0m] Reached target Multi-User System.
[[0;32m  OK  [0m] Reached target Graphical Interface.
         Starting Update UTMP about System Runlevel Changes...
[[0;32m  OK  [0m] Started Update UTMP about System Runlevel Changes.
[   14.372349] cloud-init[1401]: Generating locales (this might take a while)...
[   15.539770] cloud-init[1401]:   en_US.UTF-8... done
[   15.542340] cloud-init[1401]: Generation complete.
[   15.927811] cloud-init[1401]: Cloud-init v. 19.1-1-gbaa47854-0ubuntu1~16.04.1 running 'modules:config' at Tue, 30 Jul 2019 10:29:01 +0000. Up 14.22 seconds.
[[0;32m  OK  [0m] Started Apply the settings specified in cloud-config.
         Starting Execute cloud user/final scripts...
ci-info: no authorized ssh keys fingerprints found for user ubuntu.
<14>Jul 30 10:29:04 ec2: 
<14>Jul 30 10:29:04 ec2: #############################################################
<14>Jul 30 10:29:04 ec2: -----BEGIN SSH HOST KEY FINGERPRINTS-----
<14>Jul 30 10:29:04 ec2: 1024 SHA256:JABti/1X2nwN6tBUDvQx02yeD2rOK86GDlpts1qnlDg root@ubuntu-xenial (DSA)
<14>Jul 30 10:29:04 ec2: 256 SHA256:pGO47nTdzfkWv3Vx1qm8rfxxzKu4sTfz32uSX3sLt9o root@ubuntu-xenial (ECDSA)
<14>Jul 30 10:29:04 ec2: 256 SHA256:e7uVu6lskb5BO3sEpTVJQfi3TqQn6wEsvlzuFc2IXSk root@ubuntu-xenial (ED25519)
<14>Jul 30 10:29:04 ec2: 2048 SHA256:GnRP9f0YysdMKkHXoZ9IRbXmcp80UlJeeuwLIoVrZYs root@ubuntu-xenial (RSA)
<14>Jul 30 10:29:04 ec2: -----END SSH HOST KEY FINGERPRINTS-----
<14>Jul 30 10:29:04 ec2: #############################################################
-----BEGIN SSH HOST KEY KEYS-----
ecdsa-sha2-nistp256 AAAAE2VjZHNhLXNoYTItbmlzdHAyNTYAAAAIbmlzdHAyNTYAAABBBCylWfxd8cASP5U45HZ2P0b5JAYR/Z/QgtI19boRalE64DDNsVgIGma49+JYu5QByZbUBdPCXY+gRUgGHZnA0qQ= root@ubuntu-xenial
ssh-ed25519 AAAAC3NzaC1lZDI1NTE5AAAAIF7rsFTyv4EGytx5lGOiiYWE2beShFf9HBT71tdfpVRU root@ubuntu-xenial
ssh-rsa AAAAB3NzaC1yc2EAAAADAQABAAABAQDvRW7w57JGuo85pIUBn0WT9CGN8IIn4cWyKUwQHDb8mdnOxtfyeJLeSJYhi57wrn8oiz9EsxBz/VkiiFDES5FnU1Soxj+Emx1IrIZ2mQcHIb/Y+g7OnvArqPElywQiJ31LGpoAMz6EuJibmg7dMl3uw1fb3HqRcYebKfBQls51DwaFifdMdxSWdas+aNTQztQvcIFqDvtwJyocDIiRRktl9Z3BBKAwY2GoRZNWiTPf0f+6GCzRxVOxbPHX3jp/+7O92OgwPTYKablkXtctQOur0GAZCQ5QJfarrJL20a52FwikuS4M4HXIH6PzQkXbWlIkjfhoiBrbeiEcupoQLiXV root@ubuntu-xenial
-----END SSH HOST KEY KEYS-----
[   16.594683] cloud-init[1563]: Cloud-init v. 19.1-1-gbaa47854-0ubuntu1~16.04.1 running 'modules:final' at Tue, 30 Jul 2019 10:29:03 +0000. Up 16.41 seconds.
[   16.597135] cloud-init[1563]: ci-info: no authorized ssh keys fingerprints found for user ubuntu.
[   16.598769] cloud-init[1563]: Cloud-init v. 19.1-1-gbaa47854-0ubuntu1~16.04.1 finished at Tue, 30 Jul 2019 10:29:04 +0000. Datasource DataSourceNoCloud [seed=/dev/sdb][dsmode=net].  Up 16.58 seconds
[[0;32m  OK  [0m] Started Execute cloud user/final scripts.
[[0;32m  OK  [0m] Reached target Cloud-init target.

Ubuntu 16.04.6 LTS ubuntu-xenial ttyS0

ubuntu-xenial login:          Stopping User Manager for UID 1000...
[[0;32m  OK  [0m] Stopped target Cloud-init target.
[[0;32m  OK  [0m] Stopped target Timers.
[[0;32m  OK  [0m] Stopped target Graphical Interface.
         Stopping Accounts Service...
[[0;32m  OK  [0m] Stopped Execute cloud user/final scripts.
[[0;32m  OK  [0m] Stopped Apply the settings specified in cloud-config.
[[0;32m  OK  [0m] Stopped Daily Cleanup of Temporary Directories.
         Stopping Session 13 of user vagrant.
[[0;32m  OK  [0m] Stopped Daily apt upgrade and clean activities.
[[0;32m  OK  [0m] Stopped Daily apt download activities.
[[0;32m  OK  [0m] Stopped target System Time Synchronized.
         Stopping Authenticate and Authorize Users to Run Privileged Tasks...
[[0;32m  OK  [0m] Stopped target Cloud-config availability.
[[0;32m  OK  [0m] Closed Load/Save RF Kill Switch Status /dev/rfkill Watch.
         Stopping ACPI event daemon...
[[0;32m  OK  [0m] Stopped target Multi-User System.
         Stopping D-Bus System Message Bus...
         Stopping Virtualbox guest utils...
         Stopping Regular background program processing daemon...
         Stopping OpenBSD Secure Shell server...
         Stopping LSB: Set the CPU Frequency Scaling governor to "ondemand"...
         Stopping A high performance web server and a reverse proxy server...
         Stopping System Logging Service...
         Stopping LSB: Record successful boot for GRUB...
         Stopping FUSE filesystem for LXC...
         Stopping LSB: automatic crash report generation...
         Stopping LSB: daemon to balance interrupts for SMP systems...
[[0;32m  OK  [0m] Stopped target Login Prompts.
         Stopping Getty on tty1...
         Stopping Deferred execution scheduler...
[[0;32m  OK  [0m] Stopped Wait until snapd is fully seeded.
         Stopping LSB: MD monitoring daemon...
         Stopping Unattended Upgrades Shutdown...
         Stopping LXD - container startup/shutdown...
         Stopping Serial Getty on ttyS0...
[[0;32m  OK  [0m] Unmounted /var/lib/lxcfs.
[[0;32m  OK  [0m] Stopped Accounts Service.
[[0;32m  OK  [0m] Stopped Regular background program processing daemon.
[[0;32m  OK  [0m] Stopped System Logging Service.
[[0;32m  OK  [0m] Stopped Deferred execution scheduler.
[[0;32m  OK  [0m] Stopped Authenticate and Authorize Users to Run Privileged Tasks.
[[0;32m  OK  [0m] Stopped Getty on tty1.
[[0;32m  OK  [0m] Stopped ACPI event daemon.
[[0;32m  OK  [0m] Stopped Unattended Upgrades Shutdown.
[[0;32m  OK  [0m] Stopped Serial Getty on ttyS0.
[[0;32m  OK  [0m] Stopped OpenBSD Secure Shell server.
[[0;32m  OK  [0m] Stopped User Manager for UID 1000.
[[0;32m  OK  [0m] Stopped D-Bus System Message Bus.
[[0;32m  OK  [0m] Stopped Session 13 of user vagrant.
[[0;32m  OK  [0m] Stopped FUSE filesystem for LXC.
[[0;32m  OK  [0m] Stopped A high performance web server and a reverse proxy server.
[[0;32m  OK  [0m] Stopped LXD - container startup/shutdown.
[[0;32m  OK  [0m] Stopped LSB: daemon to balance interrupts for SMP systems.
[[0;32m  OK  [0m] Stopped Virtualbox guest utils.
[[0;32m  OK  [0m] Stopped LSB: Set the CPU Frequency Scaling governor to "ondemand".
[[0;32m  OK  [0m] Stopped LSB: automatic crash report generation.
[[0;32m  OK  [0m] Stopped LSB: MD monitoring daemon.
[[0;32m  OK  [0m] Stopped LSB: Record successful boot for GRUB.
[[0;32m  OK  [0m] Stopped User Manager for UID 1000.
[[0;32m  OK  [0m] Removed slice User Slice of vagrant.
[[0;32m  OK  [0m] Removed slice system-serial\x2dgetty.slice.
         Stopping Login Service...
[[0;32m  OK  [0m] Removed slice system-getty.slice.
[[0;32m  OK  [0m] Stopped /etc/rc.local Compatibility.
         Stopping Permit User Sessions...
[[0;32m  OK  [0m] Stopped Permit User Sessions.
[[0;32m  OK  [0m] Stopped target Remote File Systems.
[[0;32m  OK  [0m] Stopped target Remote File Systems (Pre).
         Stopping Login to default iSCSI targets...
[[0;32m  OK  [0m] Stopped Login Service.
[[0;32m  OK  [0m] Stopped target Basic System.
[[0;32m  OK  [0m] Stopped target Slices.
[[0;32m  OK  [0m] Removed slice User and Session Slice.
[[0;32m  OK  [0m] Stopped target Paths.
[[0;32m  OK  [0m] Stopped Dispatch Password Requests to Console Directory Watch.
[[0;32m  OK  [0m] Stopped Forward Password Requests to Wall Directory Watch.
[[0;32m  OK  [0m] Stopped ACPI Events Check.
[[0;32m  OK  [0m] Stopped target Sockets.
[[0;32m  OK  [0m] Closed LXD - unix socket.
[[0;32m  OK  [0m] Closed Socket activation for snappy daemon.
[[0;32m  OK  [0m] Closed ACPID Listen Socket.
[[0;32m  OK  [0m] Closed Syslog Socket.
[[0;32m  OK  [0m] Closed UUID daemon activation socket.
[[0;32m  OK  [0m] Closed D-Bus System Message Bus Socket.
[[0;32m  OK  [0m] Stopped target System Initialization.
[[0;32m  OK  [0m] Stopped Commit a transient machine-id on disk.
         Stopping Update UTMP about System Boot/Shutdown...
         Stopping Load/Save Random Seed...
[[0;32m  OK  [0m] Stopped target Encrypted Volumes.
[[0;32m  OK  [0m] Stopped target Swap.
[[0;32m  OK  [0m] Stopped target User and Group Name Lookups.
[[0;32m  OK  [0m] Stopped Load/Save Random Seed.
[[0;32m  OK  [0m] Stopped Update UTMP about System Boot/Shutdown.
[[0;32m  OK  [0m] Stopped Login to default iSCSI targets.
         Stopping iSCSI initiator daemon (iscsid)...
[[0;32m  OK  [0m] Stopped Create Volatile Files and Directories.
[[0;32m  OK  [0m] Stopped iSCSI initiator daemon (iscsid).
[[0;32m  OK  [0m] Stopped target Network is Online.
[[0;32m  OK  [0m] Stopped Initial cloud-init job (metadata service crawler).
[[0;32m  OK  [0m] Stopped target Network.
         Stopping Raise network interfaces...
[[0;32m  OK  [0m] Stopped Raise network interfaces.
[[0;32m  OK  [0m] Stopped target Network (Pre).
[[0;32m  OK  [0m] Stopped Initial cloud-init job (pre-networking).
[[0;32m  OK  [0m] Stopped target Local File Systems.
         Unmounting /run/user/1000...
         Unmounting /vagrant...
[[0;32m  OK  [0m] Stopped Apply Kernel Variables.
[[0;32m  OK  [0m] Stopped Load Kernel Modules.
[[0;32m  OK  [0m] Unmounted /run/user/1000.
[[0;32m  OK  [0m] Unmounted /vagrant.
[[0;32m  OK  [0m] Reached target Unmount All Filesystems.
[[0;32m  OK  [0m] Stopped target Local File Systems (Pre).
[[0;32m  OK  [0m] Stopped Remount Root and Kernel File Systems.
         Stopping Monitoring of LVM2 mirrors... dmeventd or progress polling...
[[0;32m  OK  [0m] Stopped Create Static Device Nodes in /dev.
[[0;32m  OK  [0m] Reached target Shutdown.
[23498.079694] reboot: Power down
